{"timestamp":"2026-06-11T17:59:56.097500Z","level":"info","event":"::group::Pre Execute","logger":"task","filename":"task_runner.py","lineno":1926}
{"timestamp":"2026-06-11T17:59:57.265361Z","level":"info","event":"DAG bundles loaded: dags-folder, example_dags","run_id":"manual__2026-06-11T17:56:41.620892+00:00","map_index":-1,"dag_id":"daily_data_update","ti_id":"019eb7d7-2227-71c6-a59b-1a3cbcb70834","try_number":2,"task_id":"clean_data","logger":"airflow.dag_processing.bundles.manager.DagBundlesManager","filename":"manager.py","lineno":209}
{"timestamp":"2026-06-11T17:59:57.270113Z","level":"info","event":"Filling up the DagBag from /opt/airflow/dags/update_data.py","run_id":"manual__2026-06-11T17:56:41.620892+00:00","map_index":-1,"dag_id":"daily_data_update","ti_id":"019eb7d7-2227-71c6-a59b-1a3cbcb70834","try_number":2,"task_id":"clean_data","logger":"airflow.dag_processing.dagbag.BundleDagBag","filename":"dagbag.py","lineno":469}
{"timestamp":"2026-06-11T17:59:57.436149Z","level":"warning","event":"The `airflow.operators.python.PythonOperator` attribute is deprecated. Please use `'airflow.providers.standard.operators.python.PythonOperator'`.","category":"UserWarning","filename":"/opt/airflow/dags/update_data.py","lineno":3,"run_id":"manual__2026-06-11T17:56:41.620892+00:00","map_index":-1,"dag_id":"daily_data_update","ti_id":"019eb7d7-2227-71c6-a59b-1a3cbcb70834","try_number":2,"task_id":"clean_data","logger":"py.warnings"}
{"timestamp":"2026-06-11T17:59:57.608499Z","level":"info","event":"Task instance is in running state","logger":"task.stdout"}
{"timestamp":"2026-06-11T17:59:57.610367Z","level":"info","event":" Previous state of the Task instance: TaskInstanceState.QUEUED","logger":"task.stdout"}
{"timestamp":"2026-06-11T17:59:57.611016Z","level":"info","event":"Current task name:clean_data","logger":"task.stdout"}
{"timestamp":"2026-06-11T17:59:57.612158Z","level":"info","event":"Dag name:daily_data_update","logger":"task.stdout"}
{"timestamp":"2026-06-11T17:59:57.608876Z","level":"info","event":"::endgroup::","run_id":"manual__2026-06-11T17:56:41.620892+00:00","map_index":-1,"dag_id":"daily_data_update","ti_id":"019eb7d7-2227-71c6-a59b-1a3cbcb70834","try_number":2,"task_id":"clean_data","logger":"task","filename":"task_runner.py","lineno":1727}
{"timestamp":"2026-06-11T17:59:57.614045Z","level":"info","event":"Запуск очистки","logger":"task.stdout"}
{"timestamp":"2026-06-11T17:59:57.625514Z","level":"info","event":"Найдено файлов: 131","logger":"task.stdout"}
{"timestamp":"2026-06-11T17:59:57.627636Z","level":"info","event":"[1/131] Ошибка при обработке как_открыть_брокерский_счет.json: the JSON object must be str, bytes or bytearray, not dict","logger":"task.stdout"}
{"timestamp":"2026-06-11T17:59:57.631785Z","level":"info","event":"[2/131] Ошибка при обработке налог_на_доход_от_торговли_ценными_бумагами.json: the JSON object must be str, bytes or bytearray, not dict","logger":"task.stdout"}
{"timestamp":"2026-06-11T17:59:57.633536Z","level":"info","event":"[3/131] Ошибка при обработке как_начать_торговать_на_бирже.json: the JSON object must be str, bytes or bytearray, not dict","logger":"task.stdout"}
{"timestamp":"2026-06-11T17:59:57.635664Z","level":"info","event":"[4/131] Ошибка при обработке как_получить_статус_квалифицированного_инвестора.json: the JSON object must be str, bytes or bytearray, not dict","logger":"task.stdout"}
{"timestamp":"2026-06-11T17:59:57.636990Z","level":"info","event":"[5/131] Ошибка при обработке брокерский_счет.json: the JSON object must be str, bytes or bytearray, not dict","logger":"task.stdout"}
{"timestamp":"2026-06-11T17:59:57.638363Z","level":"info","event":"[6/131] Ошибка при обработке торговать_на_бирже.json: the JSON object must be str, bytes or bytearray, not dict","logger":"task.stdout"}
{"timestamp":"2026-06-11T17:59:57.639527Z","level":"info","event":"[7/131] Ошибка при обработке секреты_диверсификации.json: the JSON object must be str, bytes or bytearray, not dict","logger":"task.stdout"}
{"timestamp":"2026-06-11T17:59:57.640577Z","level":"info","event":"[8/131] Ошибка при обработке как_покупать_и_продавать_драгоценные_металлы.json: the JSON object must be str, bytes or bytearray, not dict","logger":"task.stdout"}
{"timestamp":"2026-06-11T17:59:57.641628Z","level":"info","event":"[9/131] Ошибка при обработке как_рассчитывается_вариационная_маржа.json: the JSON object must be str, bytes or bytearray, not dict","logger":"task.stdout"}
{"timestamp":"2026-06-11T17:59:57.642664Z","level":"info","event":"[10/131] Ошибка при обработке режимы_торгов.json: the JSON object must be str, bytes or bytearray, not dict","logger":"task.stdout"}
{"timestamp":"2026-06-11T17:59:57.643707Z","level":"info","event":"[11/131] Ошибка при обработке фьючерсы_и_опционы.json: the JSON object must be str, bytes or bytearray, not dict","logger":"task.stdout"}
{"timestamp":"2026-06-11T17:59:57.645775Z","level":"info","event":"[12/131] Ошибка при обработке продажа_заблокированных_иностранных_бумаг_в_тинвестициях.json: the JSON object must be str, bytes or bytearray, not dict","logger":"task.stdout"}
{"timestamp":"2026-06-11T17:59:57.647248Z","level":"info","event":"[13/131] Ошибка при обработке купонный_доход_по_облигациям.json: the JSON object must be str, bytes or bytearray, not dict","logger":"task.stdout"}
{"timestamp":"2026-06-11T17:59:57.648489Z","level":"info","event":"[14/131] Ошибка при обработке что_такое_фонды_etf_и_бпиф.json: the JSON object must be str, bytes or bytearray, not dict","logger":"task.stdout"}
{"timestamp":"2026-06-11T17:59:57.650355Z","level":"info","event":"[15/131] Ошибка при обработке тарифы_для_брокерского_счета_и_иис.json: the JSON object must be str, bytes or bytearray, not dict","logger":"task.stdout"}
{"timestamp":"2026-06-11T17:59:57.652649Z","level":"info","event":"[16/131] Ошибка при обработке трейдинг_и_технический_анализ.json: the JSON object must be str, bytes or bytearray, not dict","logger":"task.stdout"}
{"timestamp":"2026-06-11T17:59:57.656181Z","level":"info","event":"[17/131] Ошибка при обработке ответственность_за_нарушение_налогового_законодательства.json: the JSON object must be str, bytes or bytearray, not dict","logger":"task.stdout"}
{"timestamp":"2026-06-11T17:59:57.658117Z","level":"info","event":"[18/131] Ошибка при обработке сервисы_т_инвестиций.json: the JSON object must be str, bytes or bytearray, not dict","logger":"task.stdout"}
{"timestamp":"2026-06-11T17:59:57.659495Z","level":"info","event":"[19/131] Ошибка при обработке пульс.json: the JSON object must be str, bytes or bytearray, not dict","logger":"task.stdout"}
{"timestamp":"2026-06-11T17:59:57.662128Z","level":"info","event":"[20/131] Ошибка при обработке налог_на_материальную_выгоду_для_инвесторов.json: the JSON object must be str, bytes or bytearray, not dict","logger":"task.stdout"}
{"timestamp":"2026-06-11T17:59:57.663615Z","level":"info","event":"[21/131] Ошибка при обработке зачем_нужна_маржинальная_торговля.json: the JSON object must be str, bytes or bytearray, not dict","logger":"task.stdout"}
{"timestamp":"2026-06-11T17:59:57.664858Z","level":"info","event":"[22/131] Ошибка при обработке обособление_российских_бумаг_после_депозитарного_перевода.json: the JSON object must be str, bytes or bytearray, not dict","logger":"task.stdout"}
{"timestamp":"2026-06-11T17:59:57.666200Z","level":"info","event":"[23/131] Ошибка при обработке наследование_ценных_бумаг.json: the JSON object must be str, bytes or bytearray, not dict","logger":"task.stdout"}
{"timestamp":"2026-06-11T17:59:57.667278Z","level":"info","event":"[24/131] Ошибка при обработке фонды_жилой_недвижимости_от_ткапитала.json: the JSON object must be str, bytes or bytearray, not dict","logger":"task.stdout"}
{"timestamp":"2026-06-11T17:59:57.668236Z","level":"info","event":"[25/131] Ошибка при обработке вопросы_налогообложения_для_инвесторов.json: the JSON object must be str, bytes or bytearray, not dict","logger":"task.stdout"}
{"timestamp":"2026-06-11T17:59:57.669372Z","level":"info","event":"[26/131] Ошибка при обработке во_что_можно_инвестировать.json: the JSON object must be str, bytes or bytearray, not dict","logger":"task.stdout"}
{"timestamp":"2026-06-11T17:59:57.670648Z","level":"info","event":"[27/131] Ошибка при обработке как_подтвердить_профиль.json: the JSON object must be str, bytes or bytearray, not dict","logger":"task.stdout"}
{"timestamp":"2026-06-11T17:59:57.672219Z","level":"info","event":"[28/131] Ошибка при обработке мобильное_приложениеt_инвестиции.json: the JSON object must be str, bytes or bytearray, not dict","logger":"task.stdout"}
{"timestamp":"2026-06-11T17:59:57.674834Z","level":"info","event":"[29/131] Ошибка при обработке тпомощь_инвестиции.json: the JSON object must be str, bytes or bytearray, not dict","logger":"task.stdout"}
{"timestamp":"2026-06-11T17:59:57.677323Z","level":"info","event":"[30/131] Ошибка при обработке как_пользоваться_терминалом.json: the JSON object must be str, bytes or bytearray, not dict","logger":"task.stdout"}
{"timestamp":"2026-06-11T17:59:57.679318Z","level":"info","event":"[31/131] Ошибка при обработке документы_для_учета_бумаг_при_депозитарном_переводе_в_тбанк.json: the JSON object must be str, bytes or bytearray, not dict","logger":"task.stdout"}
{"timestamp":"2026-06-11T17:59:57.680909Z","level":"info","event":"[32/131] Ошибка при обработке как_вывести_деньги_с_иис.json: the JSON object must be str, bytes or bytearray, not dict","logger":"task.stdout"}
{"timestamp":"2026-06-11T17:59:57.692897Z","level":"info","event":"[33/131] Ошибка при обработке как_перевести_бумаги_в_тинвестиции.json: the JSON object must be str, bytes or bytearray, not dict","logger":"task.stdout"}
{"timestamp":"2026-06-11T17:59:57.698788Z","level":"info","event":"[34/131] Ошибка при обработке льгота_на_долгосрочное_владение_ценными_бумагами_лдв.json: the JSON object must be str, bytes or bytearray, not dict","logger":"task.stdout"}
{"timestamp":"2026-06-11T17:59:57.700320Z","level":"info","event":"[35/131] Ошибка при обработке какие_документы_нужны_при_подаче_декларации_3_ндфл.json: the JSON object must be str, bytes or bytearray, not dict","logger":"task.stdout"}
{"timestamp":"2026-06-11T17:59:57.701462Z","level":"info","event":"[36/131] Ошибка при обработке как_получать_отчеты_и_справки.json: the JSON object must be str, bytes or bytearray, not dict","logger":"task.stdout"}
{"timestamp":"2026-06-11T17:59:57.702482Z","level":"info","event":"[37/131] Ошибка при обработке налогообложение_для_налоговых_нерезидентов.json: the JSON object must be str, bytes or bytearray, not dict","logger":"task.stdout"}
{"timestamp":"2026-06-11T17:59:57.703420Z","level":"info","event":"[38/131] Ошибка при обработке отчеты_и_справки.json: the JSON object must be str, bytes or bytearray, not dict","logger":"task.stdout"}
{"timestamp":"2026-06-11T17:59:57.704259Z","level":"info","event":"[39/131] Ошибка при обработке подарочные_акции.json: the JSON object must be str, bytes or bytearray, not dict","logger":"task.stdout"}
{"timestamp":"2026-06-11T17:59:57.705372Z","level":"info","event":"[40/131] Ошибка при обработке типы_купонов_по_облигациям.json: the JSON object must be str, bytes or bytearray, not dict","logger":"task.stdout"}
{"timestamp":"2026-06-11T17:59:57.707005Z","level":"info","event":"[41/131] Ошибка при обработке как_подписаться_на_других_пользователей_и_каналы.json: the JSON object must be str, bytes or bytearray, not dict","logger":"task.stdout"}
{"timestamp":"2026-06-11T17:59:57.708131Z","level":"info","event":"[42/131] Ошибка при обработке виды_бирж.json: the JSON object must be str, bytes or bytearray, not dict","logger":"task.stdout"}
{"timestamp":"2026-06-11T17:59:57.709182Z","level":"info","event":"[43/131] Ошибка при обработке прямые_эфиры_и_записи_эфиров.json: the JSON object must be str, bytes or bytearray, not dict","logger":"task.stdout"}
{"timestamp":"2026-06-11T17:59:57.709907Z","level":"info","event":"[44/131] Ошибка при обработке депозитарные_переводы.json: the JSON object must be str, bytes or bytearray, not dict","logger":"task.stdout"}
{"timestamp":"2026-06-11T17:59:57.711455Z","level":"info","event":"[45/131] Ошибка при обработке какие_налоги_нужно_платить_по_инвесткопилке.json: the JSON object must be str, bytes or bytearray, not dict","logger":"task.stdout"}
{"timestamp":"2026-06-11T17:59:57.713170Z","level":"info","event":"[46/131] Ошибка при обработке как_посмотреть_доходность_счета.json: the JSON object must be str, bytes or bytearray, not dict","logger":"task.stdout"}
{"timestamp":"2026-06-11T17:59:57.714378Z","level":"info","event":"[47/131] Ошибка при обработке личный_кабинет_налогоплательщика_и_как_им_пользоваться.json: the JSON object must be str, bytes or bytearray, not dict","logger":"task.stdout"}
{"timestamp":"2026-06-11T17:59:57.715143Z","level":"info","event":"[48/131] Ошибка при обработке как_выбрать_стратегию_инвестирования.json: the JSON object must be str, bytes or bytearray, not dict","logger":"task.stdout"}
{"timestamp":"2026-06-11T17:59:57.716095Z","level":"info","event":"[49/131] Ошибка при обработке сальдирование_финансовых_результатов_на_счетах_у_разных_брокеров_и_перенос_убытков_прошлых_лет.json: the JSON object must be str, bytes or bytearray, not dict","logger":"task.stdout"}
{"timestamp":"2026-06-11T17:59:57.718300Z","level":"info","event":"[50/131] Ошибка при обработке как_выставлять_биржевые_заявки.json: the JSON object must be str, bytes or bytearray, not dict","logger":"task.stdout"}
{"timestamp":"2026-06-11T17:59:57.721031Z","level":"info","event":"[51/131] Ошибка при обработке что_такое_ликвидность.json: the JSON object must be str, bytes or bytearray, not dict","logger":"task.stdout"}
{"timestamp":"2026-06-11T17:59:57.721811Z","level":"info","event":"[52/131] Ошибка при обработке размещение_и_выкуп_акций.json: the JSON object must be str, bytes or bytearray, not dict","logger":"task.stdout"}
{"timestamp":"2026-06-11T17:59:57.722445Z","level":"info","event":"[53/131] Ошибка при обработке как_работает_рынок_ценных_бумаг.json: the JSON object must be str, bytes or bytearray, not dict","logger":"task.stdout"}
{"timestamp":"2026-06-11T17:59:57.723229Z","level":"info","event":"[54/131] Ошибка при обработке эмитенты_в_пульсе.json: the JSON object must be str, bytes or bytearray, not dict","logger":"task.stdout"}
{"timestamp":"2026-06-11T17:59:57.723983Z","level":"info","event":"[55/131] Ошибка при обработке как_вложить_деньги_в_фонды_т_капитала.json: the JSON object must be str, bytes or bytearray, not dict","logger":"task.stdout"}
{"timestamp":"2026-06-11T17:59:57.724602Z","level":"info","event":"[56/131] Ошибка при обработке что_происходит_на_бирже_важная_информация_для_клиентов_тинвестиций.json: the JSON object must be str, bytes or bytearray, not dict","logger":"task.stdout"}
{"timestamp":"2026-06-11T17:59:57.725202Z","level":"info","event":"[57/131] Ошибка при обработке советы_начинающим_инвесторам.json: the JSON object must be str, bytes or bytearray, not dict","logger":"task.stdout"}
{"timestamp":"2026-06-11T17:59:57.725767Z","level":"info","event":"[58/131] Ошибка при обработке фонды_т_капитала.json: the JSON object must be str, bytes or bytearray, not dict","logger":"task.stdout"}
{"timestamp":"2026-06-11T17:59:57.736847Z","level":"info","event":"[59/131] Ошибка при обработке как_загрузить_готовую_декларацию_3_ндфл_в_форматеxml.json: the JSON object must be str, bytes or bytearray, not dict","logger":"task.stdout"}
{"timestamp":"2026-06-11T17:59:57.737594Z","level":"info","event":"[60/131] Ошибка при обработке как_пригласить_друга_в_т_инвестиции_и_получить_подарочную_акцию.json: the JSON object must be str, bytes or bytearray, not dict","logger":"task.stdout"}
{"timestamp":"2026-06-11T17:59:57.737685Z","level":"info","event":"[61/131] Ошибка при обработке терминал_т_инвестиций.json: the JSON object must be str, bytes or bytearray, not dict","logger":"task.stdout"}
{"timestamp":"2026-06-11T17:59:57.737936Z","level":"info","event":"[62/131] Ошибка при обработке как_торговать_в_лонг.json: the JSON object must be str, bytes or bytearray, not dict","logger":"task.stdout"}
{"timestamp":"2026-06-11T17:59:57.739056Z","level":"info","event":"[63/131] Ошибка при обработке как_заполнить_поручение_на_депозитарный_перевод.json: the JSON object must be str, bytes or bytearray, not dict","logger":"task.stdout"}
{"timestamp":"2026-06-11T17:59:57.740383Z","level":"info","event":"[64/131] Ошибка при обработке как_работают_неоактивы.json: the JSON object must be str, bytes or bytearray, not dict","logger":"task.stdout"}
{"timestamp":"2026-06-11T17:59:57.741808Z","level":"info","event":"[65/131] Ошибка при обработке как_торговать_в_шорт.json: the JSON object must be str, bytes or bytearray, not dict","logger":"task.stdout"}
{"timestamp":"2026-06-11T17:59:57.743891Z","level":"info","event":"[66/131] Ошибка при обработке что_такое_облигации.json: the JSON object must be str, bytes or bytearray, not dict","logger":"task.stdout"}
{"timestamp":"2026-06-11T17:59:57.746376Z","level":"info","event":"[67/131] Ошибка при обработке как_заключать_сделки_в_терминале.json: the JSON object must be str, bytes or bytearray, not dict","logger":"task.stdout"}
{"timestamp":"2026-06-11T17:59:57.747692Z","level":"info","event":"[68/131] Ошибка при обработке что_такое_пульс.json: the JSON object must be str, bytes or bytearray, not dict","logger":"task.stdout"}
{"timestamp":"2026-06-11T17:59:57.748934Z","level":"info","event":"[69/131] Ошибка при обработке что_такое_офз.json: the JSON object must be str, bytes or bytearray, not dict","logger":"task.stdout"}
{"timestamp":"2026-06-11T17:59:57.749931Z","level":"info","event":"[70/131] Ошибка при обработке первая_публикация.json: the JSON object must be str, bytes or bytearray, not dict","logger":"task.stdout"}
{"timestamp":"2026-06-11T17:59:57.751115Z","level":"info","event":"[71/131] Ошибка при обработке случаи_когда_брокер_удерживает_налог_автоматически.json: the JSON object must be str, bytes or bytearray, not dict","logger":"task.stdout"}
{"timestamp":"2026-06-11T17:59:57.752046Z","level":"info","event":"[72/131] Ошибка при обработке что_такое_биржа.json: the JSON object must be str, bytes or bytearray, not dict","logger":"task.stdout"}
{"timestamp":"2026-06-11T17:59:57.989941Z","level":"info","event":"[73/131] Ошибка при обработке all_articles.json: the JSON object must be str, bytes or bytearray, not list","logger":"task.stdout"}
{"timestamp":"2026-06-11T17:59:57.992847Z","level":"info","event":"[74/131] Ошибка при обработке как_читать_налоговый_отчет_от_т_инвестиций.json: the JSON object must be str, bytes or bytearray, not dict","logger":"task.stdout"}
{"timestamp":"2026-06-11T17:59:57.994369Z","level":"info","event":"[75/131] Ошибка при обработке как_работает_срочный_рынок.json: the JSON object must be str, bytes or bytearray, not dict","logger":"task.stdout"}
{"timestamp":"2026-06-11T17:59:57.995938Z","level":"info","event":"[76/131] Ошибка при обработке как_устроена_биржа_опционов.json: the JSON object must be str, bytes or bytearray, not dict","logger":"task.stdout"}
{"timestamp":"2026-06-11T17:59:57.997084Z","level":"info","event":"[77/131] Ошибка при обработке зачем_нужен_статус_квалифицированного_инвестора.json: the JSON object must be str, bytes or bytearray, not dict","logger":"task.stdout"}
{"timestamp":"2026-06-11T17:59:57.998127Z","level":"info","event":"[78/131] Ошибка при обработке жалобы_и_черные_списки.json: the JSON object must be str, bytes or bytearray, not dict","logger":"task.stdout"}
{"timestamp":"2026-06-11T17:59:57.999264Z","level":"info","event":"[79/131] Ошибка при обработке как_торговать_фьючерсами.json: the JSON object must be str, bytes or bytearray, not dict","logger":"task.stdout"}
{"timestamp":"2026-06-11T17:59:58.000435Z","level":"info","event":"[80/131] Ошибка при обработке как_встать_на_учет_в_налоговом_органе.json: the JSON object must be str, bytes or bytearray, not dict","logger":"task.stdout"}
{"timestamp":"2026-06-11T17:59:58.001582Z","level":"info","event":"[81/131] Ошибка при обработке замещающие_облигации.json: the JSON object must be str, bytes or bytearray, not dict","logger":"task.stdout"}
{"timestamp":"2026-06-11T17:59:58.002931Z","level":"info","event":"[82/131] Ошибка при обработке как_пополнить_брокерский_счет.json: the JSON object must be str, bytes or bytearray, not dict","logger":"task.stdout"}
{"timestamp":"2026-06-11T17:59:58.004290Z","level":"info","event":"[83/131] Ошибка при обработке закрытые_паевые_инвестиционные_фонды_зпиф.json: the JSON object must be str, bytes or bytearray, not dict","logger":"task.stdout"}
{"timestamp":"2026-06-11T17:59:58.005493Z","level":"info","event":"[84/131] Ошибка при обработке нужно_ли_закрывать_брокерский_счет.json: the JSON object must be str, bytes or bytearray, not dict","logger":"task.stdout"}
{"timestamp":"2026-06-11T17:59:58.006541Z","level":"info","event":"[85/131] Ошибка при обработке как_заработать_на_облигациях.json: the JSON object must be str, bytes or bytearray, not dict","logger":"task.stdout"}
{"timestamp":"2026-06-11T17:59:58.007329Z","level":"info","event":"[86/131] Ошибка при обработке форма_w8ben_и_для_чего_она_нужна.json: the JSON object must be str, bytes or bytearray, not dict","logger":"task.stdout"}
{"timestamp":"2026-06-11T17:59:58.008213Z","level":"info","event":"[87/131] Ошибка при обработке как_заработать_на_акциях.json: the JSON object must be str, bytes or bytearray, not dict","logger":"task.stdout"}
{"timestamp":"2026-06-11T17:59:58.008966Z","level":"info","event":"[88/131] Ошибка при обработке как_устроен_фьючерсный_рынок.json: the JSON object must be str, bytes or bytearray, not dict","logger":"task.stdout"}
{"timestamp":"2026-06-11T17:59:58.009864Z","level":"info","event":"[89/131] Ошибка при обработке особенности_налогообложения_иис.json: the JSON object must be str, bytes or bytearray, not dict","logger":"task.stdout"}
{"timestamp":"2026-06-11T17:59:58.010586Z","level":"info","event":"[90/131] Ошибка при обработке эмиссионные_ценные_бумаги_виды_и_признаки.json: the JSON object must be str, bytes or bytearray, not dict","logger":"task.stdout"}
{"timestamp":"2026-06-11T17:59:58.011386Z","level":"info","event":"[91/131] Ошибка при обработке налоги_при_выводе_денег_с_брокерского_счета.json: the JSON object must be str, bytes or bytearray, not dict","logger":"task.stdout"}
{"timestamp":"2026-06-11T17:59:58.012510Z","level":"info","event":"[92/131] Ошибка при обработке об_управляющей_компании_ткапитал.json: the JSON object must be str, bytes or bytearray, not dict","logger":"task.stdout"}
{"timestamp":"2026-06-11T17:59:58.013416Z","level":"info","event":"[93/131] Ошибка при обработке как_заработать_на_публикациях.json: the JSON object must be str, bytes or bytearray, not dict","logger":"task.stdout"}
{"timestamp":"2026-06-11T17:59:58.014590Z","level":"info","event":"[94/131] Ошибка при обработке фундаментальный_анализ_ценных_бумаг.json: the JSON object must be str, bytes or bytearray, not dict","logger":"task.stdout"}
{"timestamp":"2026-06-11T17:59:58.015300Z","level":"info","event":"[95/131] Ошибка при обработке открыть_брокерский_счет.json: the JSON object must be str, bytes or bytearray, not dict","logger":"task.stdout"}
{"timestamp":"2026-06-11T17:59:58.016616Z","level":"info","event":"[96/131] Ошибка при обработке как_работает_автоследование_в_т_инвестициях.json: the JSON object must be str, bytes or bytearray, not dict","logger":"task.stdout"}
{"timestamp":"2026-06-11T17:59:58.017860Z","level":"info","event":"[97/131] Ошибка при обработке как_устроена_маржинальная_торговля.json: the JSON object must be str, bytes or bytearray, not dict","logger":"task.stdout"}
{"timestamp":"2026-06-11T17:59:58.018921Z","level":"info","event":"[98/131] Ошибка при обработке что_такое_брокерский_счет.json: the JSON object must be str, bytes or bytearray, not dict","logger":"task.stdout"}
{"timestamp":"2026-06-11T17:59:58.019819Z","level":"info","event":"[99/131] Ошибка при обработке как_читать_брокерский_отчет_от_т_инвестиций.json: the JSON object must be str, bytes or bytearray, not dict","logger":"task.stdout"}
{"timestamp":"2026-06-11T17:59:58.020774Z","level":"info","event":"[100/131] Ошибка при обработке участники_рынка_ценных_бумаг.json: the JSON object must be str, bytes or bytearray, not dict","logger":"task.stdout"}
{"timestamp":"2026-06-11T17:59:58.021587Z","level":"info","event":"[101/131] Ошибка при обработке виртуальные_подарочные_акции_от_тинвестиций.json: the JSON object must be str, bytes or bytearray, not dict","logger":"task.stdout"}
{"timestamp":"2026-06-11T17:59:58.022281Z","level":"info","event":"[102/131] Ошибка при обработке ветер_перемен_что_делать_инвестору.json: the JSON object must be str, bytes or bytearray, not dict","logger":"task.stdout"}
{"timestamp":"2026-06-11T17:59:58.023290Z","level":"info","event":"[103/131] Ошибка при обработке как_устроена_программа_привилегий_для_авторов_пульса.json: the JSON object must be str, bytes or bytearray, not dict","logger":"task.stdout"}
{"timestamp":"2026-06-11T17:59:58.024010Z","level":"info","event":"[104/131] Ошибка при обработке правила_модерации.json: the JSON object must be str, bytes or bytearray, not dict","logger":"task.stdout"}
{"timestamp":"2026-06-11T17:59:58.024853Z","level":"info","event":"[105/131] Ошибка при обработке главное_про_самостоятельную_уплату_налогов_и_декларацию_3_ндфл.json: the JSON object must be str, bytes or bytearray, not dict","logger":"task.stdout"}
{"timestamp":"2026-06-11T17:59:58.025805Z","level":"info","event":"[106/131] Ошибка при обработке как_работает_фондовый_рынок.json: the JSON object must be str, bytes or bytearray, not dict","logger":"task.stdout"}
{"timestamp":"2026-06-11T17:59:58.026644Z","level":"info","event":"[107/131] Ошибка при обработке что_такое_акции.json: the JSON object must be str, bytes or bytearray, not dict","logger":"task.stdout"}
{"timestamp":"2026-06-11T17:59:58.027226Z","level":"info","event":"[108/131] Ошибка при обработке как_сравнивать_компании.json: the JSON object must be str, bytes or bytearray, not dict","logger":"task.stdout"}
{"timestamp":"2026-06-11T17:59:58.028185Z","level":"info","event":"[109/131] Ошибка при обработке риск_манипуляций_на_бирже.json: the JSON object must be str, bytes or bytearray, not dict","logger":"task.stdout"}
{"timestamp":"2026-06-11T17:59:58.029150Z","level":"info","event":"[110/131] Ошибка при обработке как_подключить_и_отключить_автоследование_в_т_инвестициях.json: the JSON object must be str, bytes or bytearray, not dict","logger":"task.stdout"}
{"timestamp":"2026-06-11T17:59:58.029982Z","level":"info","event":"[111/131] Ошибка при обработке как_торговать_опционами.json: the JSON object must be str, bytes or bytearray, not dict","logger":"task.stdout"}
{"timestamp":"2026-06-11T17:59:58.030730Z","level":"info","event":"[112/131] Ошибка при обработке удержание_налога_с_инвестиций_по_итогам_года.json: the JSON object must be str, bytes or bytearray, not dict","logger":"task.stdout"}
{"timestamp":"2026-06-11T17:59:58.031487Z","level":"info","event":"[113/131] Ошибка при обработке маржинальный_вывод.json: the JSON object must be str, bytes or bytearray, not dict","logger":"task.stdout"}
{"timestamp":"2026-06-11T17:59:58.032793Z","level":"info","event":"[114/131] Ошибка при обработке как_создать_профиль.json: the JSON object must be str, bytes or bytearray, not dict","logger":"task.stdout"}
{"timestamp":"2026-06-11T17:59:58.036118Z","level":"info","event":"[115/131] Ошибка при обработке внебиржевые_торги_заблокированными_бумагами_с_хранением_в_нрд.json: the JSON object must be str, bytes or bytearray, not dict","logger":"task.stdout"}
{"timestamp":"2026-06-11T17:59:58.037631Z","level":"info","event":"[116/131] Ошибка при обработке что_нужно_для_статуса_квалифицированного_инвестора.json: the JSON object must be str, bytes or bytearray, not dict","logger":"task.stdout"}
{"timestamp":"2026-06-11T17:59:58.039074Z","level":"info","event":"[117/131] Ошибка при обработке инвестиционные_счета.json: the JSON object must be str, bytes or bytearray, not dict","logger":"task.stdout"}
{"timestamp":"2026-06-11T17:59:58.040462Z","level":"info","event":"[118/131] Ошибка при обработке как_в_терминале_выбрать_активы_для_биржевой_торговли.json: the JSON object must be str, bytes or bytearray, not dict","logger":"task.stdout"}
{"timestamp":"2026-06-11T17:59:58.041600Z","level":"info","event":"[119/131] Ошибка при обработке полезное_для_инвесторов.json: the JSON object must be str, bytes or bytearray, not dict","logger":"task.stdout"}
{"timestamp":"2026-06-11T17:59:58.042918Z","level":"info","event":"[120/131] Ошибка при обработке как_вывести_деньги_с_брокерского_счета.json: the JSON object must be str, bytes or bytearray, not dict","logger":"task.stdout"}
{"timestamp":"2026-06-11T17:59:58.045428Z","level":"info","event":"[121/131] Ошибка при обработке сбалансированный_портфель_и_минимизация_рисков.json: the JSON object must be str, bytes or bytearray, not dict","logger":"task.stdout"}
{"timestamp":"2026-06-11T17:59:58.047222Z","level":"info","event":"[122/131] Ошибка при обработке торги_фондами_т_капитала.json: the JSON object must be str, bytes or bytearray, not dict","logger":"task.stdout"}
{"timestamp":"2026-06-11T17:59:58.049223Z","level":"info","event":"[123/131] Ошибка при обработке как_заполнить_декларацию_3_ндфл_по_инвестициям.json: the JSON object must be str, bytes or bytearray, not dict","logger":"task.stdout"}
{"timestamp":"2026-06-11T17:59:58.050260Z","level":"info","event":"[124/131] Ошибка при обработке как_скачать_документы_для_подачи_в_налоговые_органы_и_не_только.json: the JSON object must be str, bytes or bytearray, not dict","logger":"task.stdout"}
{"timestamp":"2026-06-11T17:59:58.051308Z","level":"info","event":"[125/131] Ошибка при обработке налоги_с_дивидендов_по_иностранным_акциям.json: the JSON object must be str, bytes or bytearray, not dict","logger":"task.stdout"}
{"timestamp":"2026-06-11T17:59:58.052490Z","level":"info","event":"[126/131] Ошибка при обработке срочный_рынок.json: the JSON object must be str, bytes or bytearray, not dict","logger":"task.stdout"}
{"timestamp":"2026-06-11T17:59:58.054289Z","level":"info","event":"[127/131] Ошибка при обработке дивидендный_доход_по_акциям.json: the JSON object must be str, bytes or bytearray, not dict","logger":"task.stdout"}
{"timestamp":"2026-06-11T17:59:58.056988Z","level":"info","event":"[128/131] Ошибка при обработке как_покупать_и_продавать_ценные_бумаги_и_валюту.json: the JSON object must be str, bytes or bytearray, not dict","logger":"task.stdout"}
{"timestamp":"2026-06-11T17:59:58.058892Z","level":"info","event":"[129/131] Ошибка при обработке как_устроен_терминал.json: the JSON object must be str, bytes or bytearray, not dict","logger":"task.stdout"}
{"timestamp":"2026-06-11T17:59:58.064181Z","level":"info","event":"[130/131] Ошибка при обработке особенности_инвестирования_на_бирже.json: the JSON object must be str, bytes or bytearray, not dict","logger":"task.stdout"}
{"timestamp":"2026-06-11T17:59:58.064944Z","level":"info","event":"[131/131] Ошибка при обработке подключить_маржинальную_торговлю.json: the JSON object must be str, bytes or bytearray, not dict","logger":"task.stdout"}
{"timestamp":"2026-06-11T17:59:58.065592Z","level":"info","event":"Done. Returned value was: None","run_id":"manual__2026-06-11T17:56:41.620892+00:00","map_index":-1,"dag_id":"daily_data_update","ti_id":"019eb7d7-2227-71c6-a59b-1a3cbcb70834","try_number":2,"task_id":"clean_data","logger":"airflow.task.operators.airflow.providers.standard.operators.python.PythonOperator","filename":"python.py","lineno":233}
{"timestamp":"2026-06-11T17:59:58.066050Z","level":"info","event":"::group::Post Execute","run_id":"manual__2026-06-11T17:56:41.620892+00:00","map_index":-1,"dag_id":"daily_data_update","ti_id":"019eb7d7-2227-71c6-a59b-1a3cbcb70834","try_number":2,"task_id":"clean_data","logger":"task","filename":"task_runner.py","lineno":1288}
{"timestamp":"2026-06-11T17:59:58.133481Z","level":"info","event":"Task instance in success state","logger":"task.stdout"}
{"timestamp":"2026-06-11T17:59:58.133712Z","level":"info","event":" Previous state of the Task instance: TaskInstanceState.RUNNING","logger":"task.stdout"}
{"timestamp":"2026-06-11T17:59:58.134234Z","level":"info","event":"Task operator:<Task(PythonOperator): clean_data>","logger":"task.stdout"}
{"timestamp":"2026-06-11T17:59:58.134242Z","level":"info","event":"::endgroup::","run_id":"manual__2026-06-11T17:56:41.620892+00:00","map_index":-1,"dag_id":"daily_data_update","ti_id":"019eb7d7-2227-71c6-a59b-1a3cbcb70834","try_number":2,"task_id":"clean_data","logger":"task","filename":"task_runner.py","lineno":1896}
