{"timestamp":"2026-06-11T18:09:59.618436Z","level":"info","event":"::group::Pre Execute","logger":"task","filename":"task_runner.py","lineno":1926}
{"timestamp":"2026-06-11T18:10:04.555491Z","level":"info","event":"DAG bundles loaded: dags-folder, example_dags","dag_id":"daily_data_update","ti_id":"019eb7e0-667a-71cf-8c57-a90a6b79fb5c","run_id":"manual__2026-06-11T17:56:41.620892+00:00","try_number":4,"map_index":-1,"task_id":"clean_data","logger":"airflow.dag_processing.bundles.manager.DagBundlesManager","filename":"manager.py","lineno":209}
{"timestamp":"2026-06-11T18:10:04.581654Z","level":"info","event":"Filling up the DagBag from /opt/airflow/dags/update_data.py","dag_id":"daily_data_update","ti_id":"019eb7e0-667a-71cf-8c57-a90a6b79fb5c","run_id":"manual__2026-06-11T17:56:41.620892+00:00","try_number":4,"map_index":-1,"task_id":"clean_data","logger":"airflow.dag_processing.dagbag.BundleDagBag","filename":"dagbag.py","lineno":469}
{"timestamp":"2026-06-11T18:10:05.520591Z","level":"warning","event":"The `airflow.operators.python.PythonOperator` attribute is deprecated. Please use `'airflow.providers.standard.operators.python.PythonOperator'`.","category":"UserWarning","filename":"/opt/airflow/dags/update_data.py","lineno":3,"dag_id":"daily_data_update","ti_id":"019eb7e0-667a-71cf-8c57-a90a6b79fb5c","run_id":"manual__2026-06-11T17:56:41.620892+00:00","try_number":4,"map_index":-1,"task_id":"clean_data","logger":"py.warnings"}
{"timestamp":"2026-06-11T18:10:05.843720Z","level":"info","event":"Task instance is in running state","logger":"task.stdout"}
{"timestamp":"2026-06-11T18:10:05.844581Z","level":"info","event":" Previous state of the Task instance: TaskInstanceState.QUEUED","logger":"task.stdout"}
{"timestamp":"2026-06-11T18:10:05.845712Z","level":"info","event":"Current task name:clean_data","logger":"task.stdout"}
{"timestamp":"2026-06-11T18:10:05.846245Z","level":"info","event":"Dag name:daily_data_update","logger":"task.stdout"}
{"timestamp":"2026-06-11T18:10:05.845357Z","level":"info","event":"::endgroup::","dag_id":"daily_data_update","ti_id":"019eb7e0-667a-71cf-8c57-a90a6b79fb5c","run_id":"manual__2026-06-11T17:56:41.620892+00:00","try_number":4,"map_index":-1,"task_id":"clean_data","logger":"task","filename":"task_runner.py","lineno":1727}
{"timestamp":"2026-06-11T18:10:05.874475Z","level":"info","event":"Запуск очистки","logger":"task.stdout"}
{"timestamp":"2026-06-11T18:10:05.889195Z","level":"info","event":"Найдено файлов: 131","logger":"task.stdout"}
{"timestamp":"2026-06-11T18:10:05.897902Z","level":"info","event":"[1/131] Ошибка при обработке как_открыть_брокерский_счет.json: [Errno 2] No such file or directory: '/opt/airflow/tbank_knowledge_cleaned/как_открыть_брокерский_счет.json'","logger":"task.stdout"}
{"timestamp":"2026-06-11T18:10:05.902483Z","level":"info","event":"[2/131] Ошибка при обработке налог_на_доход_от_торговли_ценными_бумагами.json: [Errno 2] No such file or directory: '/opt/airflow/tbank_knowledge_cleaned/налог_на_доход_от_торговли_ценными_бумагами.json'","logger":"task.stdout"}
{"timestamp":"2026-06-11T18:10:05.909385Z","level":"info","event":"[3/131] Ошибка при обработке как_начать_торговать_на_бирже.json: [Errno 2] No such file or directory: '/opt/airflow/tbank_knowledge_cleaned/как_начать_торговать_на_бирже.json'","logger":"task.stdout"}
{"timestamp":"2026-06-11T18:10:05.911104Z","level":"info","event":"[4/131] Ошибка при обработке как_получить_статус_квалифицированного_инвестора.json: [Errno 2] No such file or directory: '/opt/airflow/tbank_knowledge_cleaned/как_получить_статус_квалифицированного_инвестора.json'","logger":"task.stdout"}
{"timestamp":"2026-06-11T18:10:05.914186Z","level":"info","event":"[5/131] Ошибка при обработке брокерский_счет.json: [Errno 2] No such file or directory: '/opt/airflow/tbank_knowledge_cleaned/брокерский_счет.json'","logger":"task.stdout"}
{"timestamp":"2026-06-11T18:10:05.919115Z","level":"info","event":"[6/131] Ошибка при обработке торговать_на_бирже.json: [Errno 2] No such file or directory: '/opt/airflow/tbank_knowledge_cleaned/торговать_на_бирже.json'","logger":"task.stdout"}
{"timestamp":"2026-06-11T18:10:05.921640Z","level":"info","event":"[7/131] Ошибка при обработке секреты_диверсификации.json: [Errno 2] No such file or directory: '/opt/airflow/tbank_knowledge_cleaned/секреты_диверсификации.json'","logger":"task.stdout"}
{"timestamp":"2026-06-11T18:10:05.926182Z","level":"info","event":"[8/131] Ошибка при обработке как_покупать_и_продавать_драгоценные_металлы.json: [Errno 2] No such file or directory: '/opt/airflow/tbank_knowledge_cleaned/как_покупать_и_продавать_драгоценные_металлы.json'","logger":"task.stdout"}
{"timestamp":"2026-06-11T18:10:05.933344Z","level":"info","event":"[9/131] Ошибка при обработке как_рассчитывается_вариационная_маржа.json: [Errno 2] No such file or directory: '/opt/airflow/tbank_knowledge_cleaned/как_рассчитывается_вариационная_маржа.json'","logger":"task.stdout"}
{"timestamp":"2026-06-11T18:10:05.935678Z","level":"info","event":"[10/131] Ошибка при обработке режимы_торгов.json: [Errno 2] No such file or directory: '/opt/airflow/tbank_knowledge_cleaned/режимы_торгов.json'","logger":"task.stdout"}
{"timestamp":"2026-06-11T18:10:05.938478Z","level":"info","event":"[11/131] Ошибка при обработке фьючерсы_и_опционы.json: [Errno 2] No such file or directory: '/opt/airflow/tbank_knowledge_cleaned/фьючерсы_и_опционы.json'","logger":"task.stdout"}
{"timestamp":"2026-06-11T18:10:05.940906Z","level":"info","event":"[12/131] Ошибка при обработке продажа_заблокированных_иностранных_бумаг_в_тинвестициях.json: [Errno 2] No such file or directory: '/opt/airflow/tbank_knowledge_cleaned/продажа_заблокированных_иностранных_бумаг_в_тинвестициях.json'","logger":"task.stdout"}
{"timestamp":"2026-06-11T18:10:05.942757Z","level":"info","event":"[13/131] Ошибка при обработке купонный_доход_по_облигациям.json: [Errno 2] No such file or directory: '/opt/airflow/tbank_knowledge_cleaned/купонный_доход_по_облигациям.json'","logger":"task.stdout"}
{"timestamp":"2026-06-11T18:10:05.944493Z","level":"info","event":"[14/131] Ошибка при обработке что_такое_фонды_etf_и_бпиф.json: [Errno 2] No such file or directory: '/opt/airflow/tbank_knowledge_cleaned/что_такое_фонды_etf_и_бпиф.json'","logger":"task.stdout"}
{"timestamp":"2026-06-11T18:10:05.947160Z","level":"info","event":"[15/131] Ошибка при обработке тарифы_для_брокерского_счета_и_иис.json: [Errno 2] No such file or directory: '/opt/airflow/tbank_knowledge_cleaned/тарифы_для_брокерского_счета_и_иис.json'","logger":"task.stdout"}
{"timestamp":"2026-06-11T18:10:05.949642Z","level":"info","event":"[16/131] Ошибка при обработке трейдинг_и_технический_анализ.json: [Errno 2] No such file or directory: '/opt/airflow/tbank_knowledge_cleaned/трейдинг_и_технический_анализ.json'","logger":"task.stdout"}
{"timestamp":"2026-06-11T18:10:05.951262Z","level":"info","event":"[17/131] Ошибка при обработке ответственность_за_нарушение_налогового_законодательства.json: [Errno 2] No such file or directory: '/opt/airflow/tbank_knowledge_cleaned/ответственность_за_нарушение_налогового_законодательства.json'","logger":"task.stdout"}
{"timestamp":"2026-06-11T18:10:05.952866Z","level":"info","event":"[18/131] Ошибка при обработке сервисы_т_инвестиций.json: [Errno 2] No such file or directory: '/opt/airflow/tbank_knowledge_cleaned/сервисы_т_инвестиций.json'","logger":"task.stdout"}
{"timestamp":"2026-06-11T18:10:05.954187Z","level":"info","event":"[19/131] Ошибка при обработке пульс.json: [Errno 2] No such file or directory: '/opt/airflow/tbank_knowledge_cleaned/пульс.json'","logger":"task.stdout"}
{"timestamp":"2026-06-11T18:10:05.955508Z","level":"info","event":"[20/131] Ошибка при обработке налог_на_материальную_выгоду_для_инвесторов.json: [Errno 2] No such file or directory: '/opt/airflow/tbank_knowledge_cleaned/налог_на_материальную_выгоду_для_инвесторов.json'","logger":"task.stdout"}
{"timestamp":"2026-06-11T18:10:05.958267Z","level":"info","event":"[21/131] Ошибка при обработке зачем_нужна_маржинальная_торговля.json: [Errno 2] No such file or directory: '/opt/airflow/tbank_knowledge_cleaned/зачем_нужна_маржинальная_торговля.json'","logger":"task.stdout"}
{"timestamp":"2026-06-11T18:10:05.961876Z","level":"info","event":"[22/131] Ошибка при обработке обособление_российских_бумаг_после_депозитарного_перевода.json: [Errno 2] No such file or directory: '/opt/airflow/tbank_knowledge_cleaned/обособление_российских_бумаг_после_депозитарного_перевода.json'","logger":"task.stdout"}
{"timestamp":"2026-06-11T18:10:05.966197Z","level":"info","event":"[23/131] Ошибка при обработке наследование_ценных_бумаг.json: [Errno 2] No such file or directory: '/opt/airflow/tbank_knowledge_cleaned/наследование_ценных_бумаг.json'","logger":"task.stdout"}
{"timestamp":"2026-06-11T18:10:05.969334Z","level":"info","event":"[24/131] Ошибка при обработке фонды_жилой_недвижимости_от_ткапитала.json: [Errno 2] No such file or directory: '/opt/airflow/tbank_knowledge_cleaned/фонды_жилой_недвижимости_от_ткапитала.json'","logger":"task.stdout"}
{"timestamp":"2026-06-11T18:10:05.971121Z","level":"info","event":"[25/131] Ошибка при обработке вопросы_налогообложения_для_инвесторов.json: [Errno 2] No such file or directory: '/opt/airflow/tbank_knowledge_cleaned/вопросы_налогообложения_для_инвесторов.json'","logger":"task.stdout"}
{"timestamp":"2026-06-11T18:10:05.974545Z","level":"info","event":"[26/131] Ошибка при обработке во_что_можно_инвестировать.json: [Errno 2] No such file or directory: '/opt/airflow/tbank_knowledge_cleaned/во_что_можно_инвестировать.json'","logger":"task.stdout"}
{"timestamp":"2026-06-11T18:10:05.981195Z","level":"info","event":"[27/131] Ошибка при обработке как_подтвердить_профиль.json: [Errno 2] No such file or directory: '/opt/airflow/tbank_knowledge_cleaned/как_подтвердить_профиль.json'","logger":"task.stdout"}
{"timestamp":"2026-06-11T18:10:05.984146Z","level":"info","event":"[28/131] Ошибка при обработке мобильное_приложениеt_инвестиции.json: [Errno 2] No such file or directory: '/opt/airflow/tbank_knowledge_cleaned/мобильное_приложениеt_инвестиции.json'","logger":"task.stdout"}
{"timestamp":"2026-06-11T18:10:05.985094Z","level":"info","event":"[29/131] Ошибка при обработке тпомощь_инвестиции.json: [Errno 2] No such file or directory: '/opt/airflow/tbank_knowledge_cleaned/тпомощь_инвестиции.json'","logger":"task.stdout"}
{"timestamp":"2026-06-11T18:10:05.987259Z","level":"info","event":"[30/131] Ошибка при обработке как_пользоваться_терминалом.json: [Errno 2] No such file or directory: '/opt/airflow/tbank_knowledge_cleaned/как_пользоваться_терминалом.json'","logger":"task.stdout"}
{"timestamp":"2026-06-11T18:10:05.988732Z","level":"info","event":"[31/131] Ошибка при обработке документы_для_учета_бумаг_при_депозитарном_переводе_в_тбанк.json: [Errno 2] No such file or directory: '/opt/airflow/tbank_knowledge_cleaned/документы_для_учета_бумаг_при_депозитарном_переводе_в_тбанк.json'","logger":"task.stdout"}
{"timestamp":"2026-06-11T18:10:05.992376Z","level":"info","event":"[32/131] Ошибка при обработке как_вывести_деньги_с_иис.json: [Errno 2] No such file or directory: '/opt/airflow/tbank_knowledge_cleaned/как_вывести_деньги_с_иис.json'","logger":"task.stdout"}
{"timestamp":"2026-06-11T18:10:05.998167Z","level":"info","event":"[33/131] Ошибка при обработке как_перевести_бумаги_в_тинвестиции.json: [Errno 2] No such file or directory: '/opt/airflow/tbank_knowledge_cleaned/как_перевести_бумаги_в_тинвестиции.json'","logger":"task.stdout"}
{"timestamp":"2026-06-11T18:10:05.998991Z","level":"info","event":"[34/131] Ошибка при обработке льгота_на_долгосрочное_владение_ценными_бумагами_лдв.json: [Errno 2] No such file or directory: '/opt/airflow/tbank_knowledge_cleaned/льгота_на_долгосрочное_владение_ценными_бумагами_лдв.json'","logger":"task.stdout"}
{"timestamp":"2026-06-11T18:10:06.001410Z","level":"info","event":"[35/131] Ошибка при обработке какие_документы_нужны_при_подаче_декларации_3_ндфл.json: [Errno 2] No such file or directory: '/opt/airflow/tbank_knowledge_cleaned/какие_документы_нужны_при_подаче_декларации_3_ндфл.json'","logger":"task.stdout"}
{"timestamp":"2026-06-11T18:10:06.002910Z","level":"info","event":"[36/131] Ошибка при обработке как_получать_отчеты_и_справки.json: [Errno 2] No such file or directory: '/opt/airflow/tbank_knowledge_cleaned/как_получать_отчеты_и_справки.json'","logger":"task.stdout"}
{"timestamp":"2026-06-11T18:10:06.003935Z","level":"info","event":"[37/131] Ошибка при обработке налогообложение_для_налоговых_нерезидентов.json: [Errno 2] No such file or directory: '/opt/airflow/tbank_knowledge_cleaned/налогообложение_для_налоговых_нерезидентов.json'","logger":"task.stdout"}
{"timestamp":"2026-06-11T18:10:06.023828Z","level":"info","event":"[38/131] Ошибка при обработке отчеты_и_справки.json: [Errno 2] No such file or directory: '/opt/airflow/tbank_knowledge_cleaned/отчеты_и_справки.json'","logger":"task.stdout"}
{"timestamp":"2026-06-11T18:10:06.024899Z","level":"info","event":"[39/131] Ошибка при обработке подарочные_акции.json: [Errno 2] No such file or directory: '/opt/airflow/tbank_knowledge_cleaned/подарочные_акции.json'","logger":"task.stdout"}
{"timestamp":"2026-06-11T18:10:06.025299Z","level":"info","event":"[40/131] Ошибка при обработке типы_купонов_по_облигациям.json: [Errno 2] No such file or directory: '/opt/airflow/tbank_knowledge_cleaned/типы_купонов_по_облигациям.json'","logger":"task.stdout"}
{"timestamp":"2026-06-11T18:10:06.027479Z","level":"info","event":"[41/131] Ошибка при обработке как_подписаться_на_других_пользователей_и_каналы.json: [Errno 2] No such file or directory: '/opt/airflow/tbank_knowledge_cleaned/как_подписаться_на_других_пользователей_и_каналы.json'","logger":"task.stdout"}
{"timestamp":"2026-06-11T18:10:06.028425Z","level":"info","event":"[42/131] Ошибка при обработке виды_бирж.json: [Errno 2] No such file or directory: '/opt/airflow/tbank_knowledge_cleaned/виды_бирж.json'","logger":"task.stdout"}
{"timestamp":"2026-06-11T18:10:06.031976Z","level":"info","event":"[43/131] Ошибка при обработке прямые_эфиры_и_записи_эфиров.json: [Errno 2] No such file or directory: '/opt/airflow/tbank_knowledge_cleaned/прямые_эфиры_и_записи_эфиров.json'","logger":"task.stdout"}
{"timestamp":"2026-06-11T18:10:06.033387Z","level":"info","event":"[44/131] Ошибка при обработке депозитарные_переводы.json: [Errno 2] No such file or directory: '/opt/airflow/tbank_knowledge_cleaned/депозитарные_переводы.json'","logger":"task.stdout"}
{"timestamp":"2026-06-11T18:10:06.035356Z","level":"info","event":"[45/131] Ошибка при обработке какие_налоги_нужно_платить_по_инвесткопилке.json: [Errno 2] No such file or directory: '/opt/airflow/tbank_knowledge_cleaned/какие_налоги_нужно_платить_по_инвесткопилке.json'","logger":"task.stdout"}
{"timestamp":"2026-06-11T18:10:06.037739Z","level":"info","event":"[46/131] Ошибка при обработке как_посмотреть_доходность_счета.json: [Errno 2] No such file or directory: '/opt/airflow/tbank_knowledge_cleaned/как_посмотреть_доходность_счета.json'","logger":"task.stdout"}
{"timestamp":"2026-06-11T18:10:06.041361Z","level":"info","event":"[47/131] Ошибка при обработке личный_кабинет_налогоплательщика_и_как_им_пользоваться.json: [Errno 2] No such file or directory: '/opt/airflow/tbank_knowledge_cleaned/личный_кабинет_налогоплательщика_и_как_им_пользоваться.json'","logger":"task.stdout"}
{"timestamp":"2026-06-11T18:10:06.046955Z","level":"info","event":"[48/131] Ошибка при обработке как_выбрать_стратегию_инвестирования.json: [Errno 2] No such file or directory: '/opt/airflow/tbank_knowledge_cleaned/как_выбрать_стратегию_инвестирования.json'","logger":"task.stdout"}
{"timestamp":"2026-06-11T18:10:06.050744Z","level":"info","event":"[49/131] Ошибка при обработке сальдирование_финансовых_результатов_на_счетах_у_разных_брокеров_и_перенос_убытков_прошлых_лет.json: [Errno 2] No such file or directory: '/opt/airflow/tbank_knowledge_cleaned/сальдирование_финансовых_результатов_на_счетах_у_разных_брокеров_и_перенос_убытков_прошлых_лет.json'","logger":"task.stdout"}
{"timestamp":"2026-06-11T18:10:06.054916Z","level":"info","event":"[50/131] Ошибка при обработке как_выставлять_биржевые_заявки.json: [Errno 2] No such file or directory: '/opt/airflow/tbank_knowledge_cleaned/как_выставлять_биржевые_заявки.json'","logger":"task.stdout"}
{"timestamp":"2026-06-11T18:10:06.059618Z","level":"info","event":"[51/131] Ошибка при обработке что_такое_ликвидность.json: [Errno 2] No such file or directory: '/opt/airflow/tbank_knowledge_cleaned/что_такое_ликвидность.json'","logger":"task.stdout"}
{"timestamp":"2026-06-11T18:10:06.063723Z","level":"info","event":"[52/131] Ошибка при обработке размещение_и_выкуп_акций.json: [Errno 2] No such file or directory: '/opt/airflow/tbank_knowledge_cleaned/размещение_и_выкуп_акций.json'","logger":"task.stdout"}
{"timestamp":"2026-06-11T18:10:06.066239Z","level":"info","event":"[53/131] Ошибка при обработке как_работает_рынок_ценных_бумаг.json: [Errno 2] No such file or directory: '/opt/airflow/tbank_knowledge_cleaned/как_работает_рынок_ценных_бумаг.json'","logger":"task.stdout"}
{"timestamp":"2026-06-11T18:10:06.069268Z","level":"info","event":"[54/131] Ошибка при обработке эмитенты_в_пульсе.json: [Errno 2] No such file or directory: '/opt/airflow/tbank_knowledge_cleaned/эмитенты_в_пульсе.json'","logger":"task.stdout"}
{"timestamp":"2026-06-11T18:10:06.071402Z","level":"info","event":"[55/131] Ошибка при обработке как_вложить_деньги_в_фонды_т_капитала.json: [Errno 2] No such file or directory: '/opt/airflow/tbank_knowledge_cleaned/как_вложить_деньги_в_фонды_т_капитала.json'","logger":"task.stdout"}
{"timestamp":"2026-06-11T18:10:06.074453Z","level":"info","event":"[56/131] Ошибка при обработке что_происходит_на_бирже_важная_информация_для_клиентов_тинвестиций.json: [Errno 2] No such file or directory: '/opt/airflow/tbank_knowledge_cleaned/что_происходит_на_бирже_важная_информация_для_клиентов_тинвестиций.json'","logger":"task.stdout"}
{"timestamp":"2026-06-11T18:10:06.077163Z","level":"info","event":"[57/131] Ошибка при обработке советы_начинающим_инвесторам.json: [Errno 2] No such file or directory: '/opt/airflow/tbank_knowledge_cleaned/советы_начинающим_инвесторам.json'","logger":"task.stdout"}
{"timestamp":"2026-06-11T18:10:06.080460Z","level":"info","event":"[58/131] Ошибка при обработке фонды_т_капитала.json: [Errno 2] No such file or directory: '/opt/airflow/tbank_knowledge_cleaned/фонды_т_капитала.json'","logger":"task.stdout"}
{"timestamp":"2026-06-11T18:10:06.082504Z","level":"info","event":"[59/131] Ошибка при обработке как_загрузить_готовую_декларацию_3_ндфл_в_форматеxml.json: [Errno 2] No such file or directory: '/opt/airflow/tbank_knowledge_cleaned/как_загрузить_готовую_декларацию_3_ндфл_в_форматеxml.json'","logger":"task.stdout"}
{"timestamp":"2026-06-11T18:10:06.085369Z","level":"info","event":"[60/131] Ошибка при обработке как_пригласить_друга_в_т_инвестиции_и_получить_подарочную_акцию.json: [Errno 2] No such file or directory: '/opt/airflow/tbank_knowledge_cleaned/как_пригласить_друга_в_т_инвестиции_и_получить_подарочную_акцию.json'","logger":"task.stdout"}
{"timestamp":"2026-06-11T18:10:06.093860Z","level":"info","event":"[61/131] Ошибка при обработке терминал_т_инвестиций.json: [Errno 2] No such file or directory: '/opt/airflow/tbank_knowledge_cleaned/терминал_т_инвестиций.json'","logger":"task.stdout"}
{"timestamp":"2026-06-11T18:10:06.098227Z","level":"info","event":"[62/131] Ошибка при обработке как_торговать_в_лонг.json: [Errno 2] No such file or directory: '/opt/airflow/tbank_knowledge_cleaned/как_торговать_в_лонг.json'","logger":"task.stdout"}
{"timestamp":"2026-06-11T18:10:06.100240Z","level":"info","event":"[63/131] Ошибка при обработке как_заполнить_поручение_на_депозитарный_перевод.json: [Errno 2] No such file or directory: '/opt/airflow/tbank_knowledge_cleaned/как_заполнить_поручение_на_депозитарный_перевод.json'","logger":"task.stdout"}
{"timestamp":"2026-06-11T18:10:06.101495Z","level":"info","event":"[64/131] Ошибка при обработке как_работают_неоактивы.json: [Errno 2] No such file or directory: '/opt/airflow/tbank_knowledge_cleaned/как_работают_неоактивы.json'","logger":"task.stdout"}
{"timestamp":"2026-06-11T18:10:06.104668Z","level":"info","event":"[65/131] Ошибка при обработке как_торговать_в_шорт.json: [Errno 2] No such file or directory: '/opt/airflow/tbank_knowledge_cleaned/как_торговать_в_шорт.json'","logger":"task.stdout"}
{"timestamp":"2026-06-11T18:10:06.108964Z","level":"info","event":"[66/131] Ошибка при обработке что_такое_облигации.json: [Errno 2] No such file or directory: '/opt/airflow/tbank_knowledge_cleaned/что_такое_облигации.json'","logger":"task.stdout"}
{"timestamp":"2026-06-11T18:10:06.112839Z","level":"info","event":"[67/131] Ошибка при обработке как_заключать_сделки_в_терминале.json: [Errno 2] No such file or directory: '/opt/airflow/tbank_knowledge_cleaned/как_заключать_сделки_в_терминале.json'","logger":"task.stdout"}
{"timestamp":"2026-06-11T18:10:06.117592Z","level":"info","event":"[68/131] Ошибка при обработке что_такое_пульс.json: [Errno 2] No such file or directory: '/opt/airflow/tbank_knowledge_cleaned/что_такое_пульс.json'","logger":"task.stdout"}
{"timestamp":"2026-06-11T18:10:06.120691Z","level":"info","event":"[69/131] Ошибка при обработке что_такое_офз.json: [Errno 2] No such file or directory: '/opt/airflow/tbank_knowledge_cleaned/что_такое_офз.json'","logger":"task.stdout"}
{"timestamp":"2026-06-11T18:10:06.127293Z","level":"info","event":"[70/131] Ошибка при обработке первая_публикация.json: [Errno 2] No such file or directory: '/opt/airflow/tbank_knowledge_cleaned/первая_публикация.json'","logger":"task.stdout"}
{"timestamp":"2026-06-11T18:10:06.135212Z","level":"info","event":"[71/131] Ошибка при обработке случаи_когда_брокер_удерживает_налог_автоматически.json: [Errno 2] No such file or directory: '/opt/airflow/tbank_knowledge_cleaned/случаи_когда_брокер_удерживает_налог_автоматически.json'","logger":"task.stdout"}
{"timestamp":"2026-06-11T18:10:06.139599Z","level":"info","event":"[72/131] Ошибка при обработке что_такое_биржа.json: [Errno 2] No such file or directory: '/opt/airflow/tbank_knowledge_cleaned/что_такое_биржа.json'","logger":"task.stdout"}
{"timestamp":"2026-06-11T18:10:07.067070Z","level":"info","event":"[73/131] Ошибка при обработке all_articles.json: pop expected at most 1 argument, got 2","logger":"task.stdout"}
{"timestamp":"2026-06-11T18:10:07.087490Z","level":"info","event":"[74/131] Ошибка при обработке как_читать_налоговый_отчет_от_т_инвестиций.json: [Errno 2] No such file or directory: '/opt/airflow/tbank_knowledge_cleaned/как_читать_налоговый_отчет_от_т_инвестиций.json'","logger":"task.stdout"}
{"timestamp":"2026-06-11T18:10:07.094417Z","level":"info","event":"[75/131] Ошибка при обработке как_работает_срочный_рынок.json: [Errno 2] No such file or directory: '/opt/airflow/tbank_knowledge_cleaned/как_работает_срочный_рынок.json'","logger":"task.stdout"}
{"timestamp":"2026-06-11T18:10:07.099494Z","level":"info","event":"[76/131] Ошибка при обработке как_устроена_биржа_опционов.json: [Errno 2] No such file or directory: '/opt/airflow/tbank_knowledge_cleaned/как_устроена_биржа_опционов.json'","logger":"task.stdout"}
{"timestamp":"2026-06-11T18:10:07.105297Z","level":"info","event":"[77/131] Ошибка при обработке зачем_нужен_статус_квалифицированного_инвестора.json: [Errno 2] No such file or directory: '/opt/airflow/tbank_knowledge_cleaned/зачем_нужен_статус_квалифицированного_инвестора.json'","logger":"task.stdout"}
{"timestamp":"2026-06-11T18:10:07.117680Z","level":"info","event":"[78/131] Ошибка при обработке жалобы_и_черные_списки.json: [Errno 2] No such file or directory: '/opt/airflow/tbank_knowledge_cleaned/жалобы_и_черные_списки.json'","logger":"task.stdout"}
{"timestamp":"2026-06-11T18:10:07.125520Z","level":"info","event":"[79/131] Ошибка при обработке как_торговать_фьючерсами.json: [Errno 2] No such file or directory: '/opt/airflow/tbank_knowledge_cleaned/как_торговать_фьючерсами.json'","logger":"task.stdout"}
{"timestamp":"2026-06-11T18:10:07.131587Z","level":"info","event":"[80/131] Ошибка при обработке как_встать_на_учет_в_налоговом_органе.json: [Errno 2] No such file or directory: '/opt/airflow/tbank_knowledge_cleaned/как_встать_на_учет_в_налоговом_органе.json'","logger":"task.stdout"}
{"timestamp":"2026-06-11T18:10:07.138152Z","level":"info","event":"[81/131] Ошибка при обработке замещающие_облигации.json: [Errno 2] No such file or directory: '/opt/airflow/tbank_knowledge_cleaned/замещающие_облигации.json'","logger":"task.stdout"}
{"timestamp":"2026-06-11T18:10:07.144737Z","level":"info","event":"[82/131] Ошибка при обработке как_пополнить_брокерский_счет.json: [Errno 2] No such file or directory: '/opt/airflow/tbank_knowledge_cleaned/как_пополнить_брокерский_счет.json'","logger":"task.stdout"}
{"timestamp":"2026-06-11T18:10:07.152558Z","level":"info","event":"[83/131] Ошибка при обработке закрытые_паевые_инвестиционные_фонды_зпиф.json: [Errno 2] No such file or directory: '/opt/airflow/tbank_knowledge_cleaned/закрытые_паевые_инвестиционные_фонды_зпиф.json'","logger":"task.stdout"}
{"timestamp":"2026-06-11T18:10:07.155498Z","level":"info","event":"[84/131] Ошибка при обработке нужно_ли_закрывать_брокерский_счет.json: [Errno 2] No such file or directory: '/opt/airflow/tbank_knowledge_cleaned/нужно_ли_закрывать_брокерский_счет.json'","logger":"task.stdout"}
{"timestamp":"2026-06-11T18:10:07.160381Z","level":"info","event":"[85/131] Ошибка при обработке как_заработать_на_облигациях.json: [Errno 2] No such file or directory: '/opt/airflow/tbank_knowledge_cleaned/как_заработать_на_облигациях.json'","logger":"task.stdout"}
{"timestamp":"2026-06-11T18:10:07.165314Z","level":"info","event":"[86/131] Ошибка при обработке форма_w8ben_и_для_чего_она_нужна.json: [Errno 2] No such file or directory: '/opt/airflow/tbank_knowledge_cleaned/форма_w8ben_и_для_чего_она_нужна.json'","logger":"task.stdout"}
{"timestamp":"2026-06-11T18:10:07.169659Z","level":"info","event":"[87/131] Ошибка при обработке как_заработать_на_акциях.json: [Errno 2] No such file or directory: '/opt/airflow/tbank_knowledge_cleaned/как_заработать_на_акциях.json'","logger":"task.stdout"}
{"timestamp":"2026-06-11T18:10:07.174918Z","level":"info","event":"[88/131] Ошибка при обработке как_устроен_фьючерсный_рынок.json: [Errno 2] No such file or directory: '/opt/airflow/tbank_knowledge_cleaned/как_устроен_фьючерсный_рынок.json'","logger":"task.stdout"}
{"timestamp":"2026-06-11T18:10:07.178291Z","level":"info","event":"[89/131] Ошибка при обработке особенности_налогообложения_иис.json: [Errno 2] No such file or directory: '/opt/airflow/tbank_knowledge_cleaned/особенности_налогообложения_иис.json'","logger":"task.stdout"}
{"timestamp":"2026-06-11T18:10:07.183101Z","level":"info","event":"[90/131] Ошибка при обработке эмиссионные_ценные_бумаги_виды_и_признаки.json: [Errno 2] No such file or directory: '/opt/airflow/tbank_knowledge_cleaned/эмиссионные_ценные_бумаги_виды_и_признаки.json'","logger":"task.stdout"}
{"timestamp":"2026-06-11T18:10:07.185216Z","level":"info","event":"[91/131] Ошибка при обработке налоги_при_выводе_денег_с_брокерского_счета.json: [Errno 2] No such file or directory: '/opt/airflow/tbank_knowledge_cleaned/налоги_при_выводе_денег_с_брокерского_счета.json'","logger":"task.stdout"}
{"timestamp":"2026-06-11T18:10:07.187145Z","level":"info","event":"[92/131] Ошибка при обработке об_управляющей_компании_ткапитал.json: [Errno 2] No such file or directory: '/opt/airflow/tbank_knowledge_cleaned/об_управляющей_компании_ткапитал.json'","logger":"task.stdout"}
{"timestamp":"2026-06-11T18:10:07.191747Z","level":"info","event":"[93/131] Ошибка при обработке как_заработать_на_публикациях.json: [Errno 2] No such file or directory: '/opt/airflow/tbank_knowledge_cleaned/как_заработать_на_публикациях.json'","logger":"task.stdout"}
{"timestamp":"2026-06-11T18:10:07.198155Z","level":"info","event":"[94/131] Ошибка при обработке фундаментальный_анализ_ценных_бумаг.json: [Errno 2] No such file or directory: '/opt/airflow/tbank_knowledge_cleaned/фундаментальный_анализ_ценных_бумаг.json'","logger":"task.stdout"}
{"timestamp":"2026-06-11T18:10:07.206882Z","level":"info","event":"[95/131] Ошибка при обработке открыть_брокерский_счет.json: [Errno 2] No such file or directory: '/opt/airflow/tbank_knowledge_cleaned/открыть_брокерский_счет.json'","logger":"task.stdout"}
{"timestamp":"2026-06-11T18:10:07.209851Z","level":"info","event":"[96/131] Ошибка при обработке как_работает_автоследование_в_т_инвестициях.json: [Errno 2] No such file or directory: '/opt/airflow/tbank_knowledge_cleaned/как_работает_автоследование_в_т_инвестициях.json'","logger":"task.stdout"}
{"timestamp":"2026-06-11T18:10:07.216944Z","level":"info","event":"[97/131] Ошибка при обработке как_устроена_маржинальная_торговля.json: [Errno 2] No such file or directory: '/opt/airflow/tbank_knowledge_cleaned/как_устроена_маржинальная_торговля.json'","logger":"task.stdout"}
{"timestamp":"2026-06-11T18:10:07.221593Z","level":"info","event":"[98/131] Ошибка при обработке что_такое_брокерский_счет.json: [Errno 2] No such file or directory: '/opt/airflow/tbank_knowledge_cleaned/что_такое_брокерский_счет.json'","logger":"task.stdout"}
{"timestamp":"2026-06-11T18:10:07.225909Z","level":"info","event":"[99/131] Ошибка при обработке как_читать_брокерский_отчет_от_т_инвестиций.json: [Errno 2] No such file or directory: '/opt/airflow/tbank_knowledge_cleaned/как_читать_брокерский_отчет_от_т_инвестиций.json'","logger":"task.stdout"}
{"timestamp":"2026-06-11T18:10:07.234487Z","level":"info","event":"[100/131] Ошибка при обработке участники_рынка_ценных_бумаг.json: [Errno 2] No such file or directory: '/opt/airflow/tbank_knowledge_cleaned/участники_рынка_ценных_бумаг.json'","logger":"task.stdout"}
{"timestamp":"2026-06-11T18:10:07.242908Z","level":"info","event":"[101/131] Ошибка при обработке виртуальные_подарочные_акции_от_тинвестиций.json: [Errno 2] No such file or directory: '/opt/airflow/tbank_knowledge_cleaned/виртуальные_подарочные_акции_от_тинвестиций.json'","logger":"task.stdout"}
{"timestamp":"2026-06-11T18:10:07.250621Z","level":"info","event":"[102/131] Ошибка при обработке ветер_перемен_что_делать_инвестору.json: [Errno 2] No such file or directory: '/opt/airflow/tbank_knowledge_cleaned/ветер_перемен_что_делать_инвестору.json'","logger":"task.stdout"}
{"timestamp":"2026-06-11T18:10:07.259361Z","level":"info","event":"[103/131] Ошибка при обработке как_устроена_программа_привилегий_для_авторов_пульса.json: [Errno 2] No such file or directory: '/opt/airflow/tbank_knowledge_cleaned/как_устроена_программа_привилегий_для_авторов_пульса.json'","logger":"task.stdout"}
{"timestamp":"2026-06-11T18:10:07.265977Z","level":"info","event":"[104/131] Ошибка при обработке правила_модерации.json: [Errno 2] No such file or directory: '/opt/airflow/tbank_knowledge_cleaned/правила_модерации.json'","logger":"task.stdout"}
{"timestamp":"2026-06-11T18:10:07.273599Z","level":"info","event":"[105/131] Ошибка при обработке главное_про_самостоятельную_уплату_налогов_и_декларацию_3_ндфл.json: [Errno 2] No such file or directory: '/opt/airflow/tbank_knowledge_cleaned/главное_про_самостоятельную_уплату_налогов_и_декларацию_3_ндфл.json'","logger":"task.stdout"}
{"timestamp":"2026-06-11T18:10:07.285079Z","level":"info","event":"[106/131] Ошибка при обработке как_работает_фондовый_рынок.json: [Errno 2] No such file or directory: '/opt/airflow/tbank_knowledge_cleaned/как_работает_фондовый_рынок.json'","logger":"task.stdout"}
{"timestamp":"2026-06-11T18:10:07.293893Z","level":"info","event":"[107/131] Ошибка при обработке что_такое_акции.json: [Errno 2] No such file or directory: '/opt/airflow/tbank_knowledge_cleaned/что_такое_акции.json'","logger":"task.stdout"}
{"timestamp":"2026-06-11T18:10:07.300097Z","level":"info","event":"[108/131] Ошибка при обработке как_сравнивать_компании.json: [Errno 2] No such file or directory: '/opt/airflow/tbank_knowledge_cleaned/как_сравнивать_компании.json'","logger":"task.stdout"}
{"timestamp":"2026-06-11T18:10:07.308525Z","level":"info","event":"[109/131] Ошибка при обработке риск_манипуляций_на_бирже.json: [Errno 2] No such file or directory: '/opt/airflow/tbank_knowledge_cleaned/риск_манипуляций_на_бирже.json'","logger":"task.stdout"}
{"timestamp":"2026-06-11T18:10:07.312474Z","level":"info","event":"[110/131] Ошибка при обработке как_подключить_и_отключить_автоследование_в_т_инвестициях.json: [Errno 2] No such file or directory: '/opt/airflow/tbank_knowledge_cleaned/как_подключить_и_отключить_автоследование_в_т_инвестициях.json'","logger":"task.stdout"}
{"timestamp":"2026-06-11T18:10:07.316256Z","level":"info","event":"[111/131] Ошибка при обработке как_торговать_опционами.json: [Errno 2] No such file or directory: '/opt/airflow/tbank_knowledge_cleaned/как_торговать_опционами.json'","logger":"task.stdout"}
{"timestamp":"2026-06-11T18:10:07.321268Z","level":"info","event":"[112/131] Ошибка при обработке удержание_налога_с_инвестиций_по_итогам_года.json: [Errno 2] No such file or directory: '/opt/airflow/tbank_knowledge_cleaned/удержание_налога_с_инвестиций_по_итогам_года.json'","logger":"task.stdout"}
{"timestamp":"2026-06-11T18:10:07.325674Z","level":"info","event":"[113/131] Ошибка при обработке маржинальный_вывод.json: [Errno 2] No such file or directory: '/opt/airflow/tbank_knowledge_cleaned/маржинальный_вывод.json'","logger":"task.stdout"}
{"timestamp":"2026-06-11T18:10:07.329756Z","level":"info","event":"[114/131] Ошибка при обработке как_создать_профиль.json: [Errno 2] No such file or directory: '/opt/airflow/tbank_knowledge_cleaned/как_создать_профиль.json'","logger":"task.stdout"}
{"timestamp":"2026-06-11T18:10:07.340243Z","level":"info","event":"[115/131] Ошибка при обработке внебиржевые_торги_заблокированными_бумагами_с_хранением_в_нрд.json: [Errno 2] No such file or directory: '/opt/airflow/tbank_knowledge_cleaned/внебиржевые_торги_заблокированными_бумагами_с_хранением_в_нрд.json'","logger":"task.stdout"}
{"timestamp":"2026-06-11T18:10:07.344649Z","level":"info","event":"[116/131] Ошибка при обработке что_нужно_для_статуса_квалифицированного_инвестора.json: [Errno 2] No such file or directory: '/opt/airflow/tbank_knowledge_cleaned/что_нужно_для_статуса_квалифицированного_инвестора.json'","logger":"task.stdout"}
{"timestamp":"2026-06-11T18:10:07.351674Z","level":"info","event":"[117/131] Ошибка при обработке инвестиционные_счета.json: [Errno 2] No such file or directory: '/opt/airflow/tbank_knowledge_cleaned/инвестиционные_счета.json'","logger":"task.stdout"}
{"timestamp":"2026-06-11T18:10:07.354482Z","level":"info","event":"[118/131] Ошибка при обработке как_в_терминале_выбрать_активы_для_биржевой_торговли.json: [Errno 2] No such file or directory: '/opt/airflow/tbank_knowledge_cleaned/как_в_терминале_выбрать_активы_для_биржевой_торговли.json'","logger":"task.stdout"}
{"timestamp":"2026-06-11T18:10:07.360675Z","level":"info","event":"[119/131] Ошибка при обработке полезное_для_инвесторов.json: [Errno 2] No such file or directory: '/opt/airflow/tbank_knowledge_cleaned/полезное_для_инвесторов.json'","logger":"task.stdout"}
{"timestamp":"2026-06-11T18:10:07.363920Z","level":"info","event":"[120/131] Ошибка при обработке как_вывести_деньги_с_брокерского_счета.json: [Errno 2] No such file or directory: '/opt/airflow/tbank_knowledge_cleaned/как_вывести_деньги_с_брокерского_счета.json'","logger":"task.stdout"}
{"timestamp":"2026-06-11T18:10:07.368356Z","level":"info","event":"[121/131] Ошибка при обработке сбалансированный_портфель_и_минимизация_рисков.json: [Errno 2] No such file or directory: '/opt/airflow/tbank_knowledge_cleaned/сбалансированный_портфель_и_минимизация_рисков.json'","logger":"task.stdout"}
{"timestamp":"2026-06-11T18:10:07.373104Z","level":"info","event":"[122/131] Ошибка при обработке торги_фондами_т_капитала.json: [Errno 2] No such file or directory: '/opt/airflow/tbank_knowledge_cleaned/торги_фондами_т_капитала.json'","logger":"task.stdout"}
{"timestamp":"2026-06-11T18:10:07.376066Z","level":"info","event":"[123/131] Ошибка при обработке как_заполнить_декларацию_3_ндфл_по_инвестициям.json: [Errno 2] No such file or directory: '/opt/airflow/tbank_knowledge_cleaned/как_заполнить_декларацию_3_ндфл_по_инвестициям.json'","logger":"task.stdout"}
{"timestamp":"2026-06-11T18:10:07.379764Z","level":"info","event":"[124/131] Ошибка при обработке как_скачать_документы_для_подачи_в_налоговые_органы_и_не_только.json: [Errno 2] No such file or directory: '/opt/airflow/tbank_knowledge_cleaned/как_скачать_документы_для_подачи_в_налоговые_органы_и_не_только.json'","logger":"task.stdout"}
{"timestamp":"2026-06-11T18:10:07.384462Z","level":"info","event":"[125/131] Ошибка при обработке налоги_с_дивидендов_по_иностранным_акциям.json: [Errno 2] No such file or directory: '/opt/airflow/tbank_knowledge_cleaned/налоги_с_дивидендов_по_иностранным_акциям.json'","logger":"task.stdout"}
{"timestamp":"2026-06-11T18:10:07.388619Z","level":"info","event":"[126/131] Ошибка при обработке срочный_рынок.json: [Errno 2] No such file or directory: '/opt/airflow/tbank_knowledge_cleaned/срочный_рынок.json'","logger":"task.stdout"}
{"timestamp":"2026-06-11T18:10:07.392515Z","level":"info","event":"[127/131] Ошибка при обработке дивидендный_доход_по_акциям.json: [Errno 2] No such file or directory: '/opt/airflow/tbank_knowledge_cleaned/дивидендный_доход_по_акциям.json'","logger":"task.stdout"}
{"timestamp":"2026-06-11T18:10:07.395193Z","level":"info","event":"[128/131] Ошибка при обработке как_покупать_и_продавать_ценные_бумаги_и_валюту.json: [Errno 2] No such file or directory: '/opt/airflow/tbank_knowledge_cleaned/как_покупать_и_продавать_ценные_бумаги_и_валюту.json'","logger":"task.stdout"}
{"timestamp":"2026-06-11T18:10:07.400025Z","level":"info","event":"[129/131] Ошибка при обработке как_устроен_терминал.json: [Errno 2] No such file or directory: '/opt/airflow/tbank_knowledge_cleaned/как_устроен_терминал.json'","logger":"task.stdout"}
{"timestamp":"2026-06-11T18:10:07.403137Z","level":"info","event":"[130/131] Ошибка при обработке особенности_инвестирования_на_бирже.json: [Errno 2] No such file or directory: '/opt/airflow/tbank_knowledge_cleaned/особенности_инвестирования_на_бирже.json'","logger":"task.stdout"}
{"timestamp":"2026-06-11T18:10:07.409533Z","level":"info","event":"[131/131] Ошибка при обработке подключить_маржинальную_торговлю.json: [Errno 2] No such file or directory: '/opt/airflow/tbank_knowledge_cleaned/подключить_маржинальную_торговлю.json'","logger":"task.stdout"}
{"timestamp":"2026-06-11T18:10:07.415555Z","level":"info","event":"Done. Returned value was: None","dag_id":"daily_data_update","ti_id":"019eb7e0-667a-71cf-8c57-a90a6b79fb5c","run_id":"manual__2026-06-11T17:56:41.620892+00:00","try_number":4,"map_index":-1,"task_id":"clean_data","logger":"airflow.task.operators.airflow.providers.standard.operators.python.PythonOperator","filename":"python.py","lineno":233}
{"timestamp":"2026-06-11T18:10:07.423705Z","level":"info","event":"::group::Post Execute","dag_id":"daily_data_update","ti_id":"019eb7e0-667a-71cf-8c57-a90a6b79fb5c","run_id":"manual__2026-06-11T17:56:41.620892+00:00","try_number":4,"map_index":-1,"task_id":"clean_data","logger":"task","filename":"task_runner.py","lineno":1288}
{"timestamp":"2026-06-11T18:10:07.677298Z","level":"info","event":"Task instance in success state","logger":"task.stdout"}
{"timestamp":"2026-06-11T18:10:07.682705Z","level":"info","event":" Previous state of the Task instance: TaskInstanceState.RUNNING","logger":"task.stdout"}
{"timestamp":"2026-06-11T18:10:07.683665Z","level":"info","event":"Task operator:<Task(PythonOperator): clean_data>","logger":"task.stdout"}
{"timestamp":"2026-06-11T18:10:07.683939Z","level":"info","event":"::endgroup::","dag_id":"daily_data_update","ti_id":"019eb7e0-667a-71cf-8c57-a90a6b79fb5c","run_id":"manual__2026-06-11T17:56:41.620892+00:00","try_number":4,"map_index":-1,"task_id":"clean_data","logger":"task","filename":"task_runner.py","lineno":1896}
