{"timestamp":"2026-06-12T12:07:57.998238Z","level":"info","event":"::group::Pre Execute","logger":"task","filename":"task_runner.py","lineno":1926}
{"timestamp":"2026-06-12T12:07:58.381441Z","level":"info","event":"DAG bundles loaded: dags-folder, example_dags","ti_id":"019ebbbb-55a7-745e-9159-52055b0afafb","task_id":"run_tbank_parser","try_number":6,"map_index":-1,"run_id":"scheduled__2026-06-12T00:00:00+00:00","dag_id":"daily_data_update","logger":"airflow.dag_processing.bundles.manager.DagBundlesManager","filename":"manager.py","lineno":209}
{"timestamp":"2026-06-12T12:07:58.382061Z","level":"info","event":"Filling up the DagBag from /opt/airflow/dags/update_data.py","ti_id":"019ebbbb-55a7-745e-9159-52055b0afafb","task_id":"run_tbank_parser","try_number":6,"map_index":-1,"run_id":"scheduled__2026-06-12T00:00:00+00:00","dag_id":"daily_data_update","logger":"airflow.dag_processing.dagbag.BundleDagBag","filename":"dagbag.py","lineno":469}
{"timestamp":"2026-06-12T12:07:58.453510Z","level":"warning","event":"The `airflow.operators.python.PythonOperator` attribute is deprecated. Please use `'airflow.providers.standard.operators.python.PythonOperator'`.","category":"UserWarning","filename":"/opt/airflow/dags/update_data.py","lineno":122,"ti_id":"019ebbbb-55a7-745e-9159-52055b0afafb","task_id":"run_tbank_parser","try_number":6,"map_index":-1,"run_id":"scheduled__2026-06-12T00:00:00+00:00","dag_id":"daily_data_update","logger":"py.warnings"}
{"timestamp":"2026-06-12T12:07:58.515001Z","level":"info","event":"Task instance is in running state","logger":"task.stdout"}
{"timestamp":"2026-06-12T12:07:58.515425Z","level":"info","event":" Previous state of the Task instance: TaskInstanceState.QUEUED","logger":"task.stdout"}
{"timestamp":"2026-06-12T12:07:58.516300Z","level":"info","event":"Current task name:run_tbank_parser","logger":"task.stdout"}
{"timestamp":"2026-06-12T12:07:58.517166Z","level":"info","event":"Dag name:daily_data_update","logger":"task.stdout"}
{"timestamp":"2026-06-12T12:07:58.516246Z","level":"info","event":"::endgroup::","ti_id":"019ebbbb-55a7-745e-9159-52055b0afafb","task_id":"run_tbank_parser","try_number":6,"map_index":-1,"run_id":"scheduled__2026-06-12T00:00:00+00:00","dag_id":"daily_data_update","logger":"task","filename":"task_runner.py","lineno":1727}
{"timestamp":"2026-06-12T12:07:58.523110Z","level":"info","event":"0","logger":"task.stdout"}
{"timestamp":"2026-06-12T12:07:58.523400Z","level":"info","event":"1","logger":"task.stdout"}
{"timestamp":"2026-06-12T12:07:58.523509Z","level":"info","event":"2","logger":"task.stdout"}
{"timestamp":"2026-06-12T12:07:58.523610Z","level":"info","event":"3","logger":"task.stdout"}
{"timestamp":"2026-06-12T12:07:58.523727Z","level":"info","event":"4","logger":"task.stdout"}
{"timestamp":"2026-06-12T12:07:58.523811Z","level":"info","event":"5","logger":"task.stdout"}
{"timestamp":"2026-06-12T12:07:58.522411Z","level":"info","event":"Done. Returned value was: None","ti_id":"019ebbbb-55a7-745e-9159-52055b0afafb","task_id":"run_tbank_parser","try_number":6,"map_index":-1,"run_id":"scheduled__2026-06-12T00:00:00+00:00","dag_id":"daily_data_update","logger":"airflow.task.operators.airflow.providers.standard.operators.python.PythonOperator","filename":"python.py","lineno":233}
{"timestamp":"2026-06-12T12:07:58.522547Z","level":"info","event":"::group::Post Execute","ti_id":"019ebbbb-55a7-745e-9159-52055b0afafb","task_id":"run_tbank_parser","try_number":6,"map_index":-1,"run_id":"scheduled__2026-06-12T00:00:00+00:00","dag_id":"daily_data_update","logger":"task","filename":"task_runner.py","lineno":1288}
{"timestamp":"2026-06-12T12:07:58.554568Z","level":"info","event":"Task instance in success state","logger":"task.stdout"}
{"timestamp":"2026-06-12T12:07:58.554927Z","level":"info","event":" Previous state of the Task instance: TaskInstanceState.RUNNING","logger":"task.stdout"}
{"timestamp":"2026-06-12T12:07:58.555105Z","level":"info","event":"Task operator:<Task(PythonOperator): run_tbank_parser>","logger":"task.stdout"}
{"timestamp":"2026-06-12T12:07:58.554864Z","level":"info","event":"::endgroup::","ti_id":"019ebbbb-55a7-745e-9159-52055b0afafb","task_id":"run_tbank_parser","try_number":6,"map_index":-1,"run_id":"scheduled__2026-06-12T00:00:00+00:00","dag_id":"daily_data_update","logger":"task","filename":"task_runner.py","lineno":1896}
