{"timestamp":"2026-06-12T00:25:24.180129Z","level":"info","event":"::group::Pre Execute","logger":"task","filename":"task_runner.py","lineno":1926}
{"timestamp":"2026-06-12T00:25:27.807335Z","level":"info","event":"DAG bundles loaded: dags-folder, example_dags","try_number":1,"map_index":-1,"ti_id":"019eb938-1cb0-731b-9878-74c5a2718210","dag_id":"daily_data_update","run_id":"scheduled__2026-06-12T00:00:00+00:00","task_id":"run_tbank_parser","logger":"airflow.dag_processing.bundles.manager.DagBundlesManager","filename":"manager.py","lineno":209}
{"timestamp":"2026-06-12T00:25:27.813144Z","level":"info","event":"Filling up the DagBag from /opt/airflow/dags/update_data.py","try_number":1,"map_index":-1,"ti_id":"019eb938-1cb0-731b-9878-74c5a2718210","dag_id":"daily_data_update","run_id":"scheduled__2026-06-12T00:00:00+00:00","task_id":"run_tbank_parser","logger":"airflow.dag_processing.dagbag.BundleDagBag","filename":"dagbag.py","lineno":469}
{"timestamp":"2026-06-12T00:25:28.161358Z","level":"warning","event":"The `airflow.operators.python.PythonOperator` attribute is deprecated. Please use `'airflow.providers.standard.operators.python.PythonOperator'`.","category":"UserWarning","filename":"/opt/airflow/dags/update_data.py","lineno":3,"try_number":1,"map_index":-1,"ti_id":"019eb938-1cb0-731b-9878-74c5a2718210","dag_id":"daily_data_update","run_id":"scheduled__2026-06-12T00:00:00+00:00","task_id":"run_tbank_parser","logger":"py.warnings"}
{"timestamp":"2026-06-12T00:25:28.451393Z","level":"info","event":"Task instance is in running state","logger":"task.stdout"}
{"timestamp":"2026-06-12T00:25:28.453230Z","level":"info","event":" Previous state of the Task instance: TaskInstanceState.QUEUED","logger":"task.stdout"}
{"timestamp":"2026-06-12T00:25:28.454110Z","level":"info","event":"Current task name:run_tbank_parser","logger":"task.stdout"}
{"timestamp":"2026-06-12T00:25:28.454676Z","level":"info","event":"Dag name:daily_data_update","logger":"task.stdout"}
{"timestamp":"2026-06-12T00:25:28.452469Z","level":"info","event":"::endgroup::","try_number":1,"map_index":-1,"ti_id":"019eb938-1cb0-731b-9878-74c5a2718210","dag_id":"daily_data_update","run_id":"scheduled__2026-06-12T00:00:00+00:00","task_id":"run_tbank_parser","logger":"task","filename":"task_runner.py","lineno":1727}
{"timestamp":"2026-06-12T00:25:28.478975Z","level":"info","event":"0","logger":"task.stdout"}
{"timestamp":"2026-06-12T00:25:28.486969Z","level":"info","event":"1","logger":"task.stdout"}
{"timestamp":"2026-06-12T00:25:28.487681Z","level":"info","event":"2","logger":"task.stdout"}
{"timestamp":"2026-06-12T00:25:28.488318Z","level":"info","event":"3","logger":"task.stdout"}
{"timestamp":"2026-06-12T00:25:28.488733Z","level":"info","event":"4","logger":"task.stdout"}
{"timestamp":"2026-06-12T00:25:28.489478Z","level":"info","event":"5","logger":"task.stdout"}
{"timestamp":"2026-06-12T00:25:28.479154Z","level":"info","event":"Done. Returned value was: None","try_number":1,"map_index":-1,"ti_id":"019eb938-1cb0-731b-9878-74c5a2718210","dag_id":"daily_data_update","run_id":"scheduled__2026-06-12T00:00:00+00:00","task_id":"run_tbank_parser","logger":"airflow.task.operators.airflow.providers.standard.operators.python.PythonOperator","filename":"python.py","lineno":233}
{"timestamp":"2026-06-12T00:25:28.479397Z","level":"info","event":"::group::Post Execute","try_number":1,"map_index":-1,"ti_id":"019eb938-1cb0-731b-9878-74c5a2718210","dag_id":"daily_data_update","run_id":"scheduled__2026-06-12T00:00:00+00:00","task_id":"run_tbank_parser","logger":"task","filename":"task_runner.py","lineno":1288}
{"timestamp":"2026-06-12T00:25:28.620211Z","level":"info","event":"Task instance in success state","logger":"task.stdout"}
{"timestamp":"2026-06-12T00:25:28.622854Z","level":"info","event":" Previous state of the Task instance: TaskInstanceState.RUNNING","logger":"task.stdout"}
{"timestamp":"2026-06-12T00:25:28.623753Z","level":"info","event":"Task operator:<Task(PythonOperator): run_tbank_parser>","logger":"task.stdout"}
{"timestamp":"2026-06-12T00:25:28.618468Z","level":"info","event":"::endgroup::","try_number":1,"map_index":-1,"ti_id":"019eb938-1cb0-731b-9878-74c5a2718210","dag_id":"daily_data_update","run_id":"scheduled__2026-06-12T00:00:00+00:00","task_id":"run_tbank_parser","logger":"task","filename":"task_runner.py","lineno":1896}
