{"timestamp":"2026-06-12T12:07:22.235426Z","level":"info","event":"::group::Pre Execute","logger":"task","filename":"task_runner.py","lineno":1926}
{"timestamp":"2026-06-12T12:07:25.843058Z","level":"info","event":"DAG bundles loaded: dags-folder, example_dags","ti_id":"019ebb9c-004d-743c-8334-308ec0a922b9","task_id":"run_tbank_parser","map_index":-1,"try_number":5,"dag_id":"daily_data_update","run_id":"scheduled__2026-06-12T00:00:00+00:00","logger":"airflow.dag_processing.bundles.manager.DagBundlesManager","filename":"manager.py","lineno":209}
{"timestamp":"2026-06-12T12:07:25.844745Z","level":"info","event":"Filling up the DagBag from /opt/airflow/dags/update_data.py","ti_id":"019ebb9c-004d-743c-8334-308ec0a922b9","task_id":"run_tbank_parser","map_index":-1,"try_number":5,"dag_id":"daily_data_update","run_id":"scheduled__2026-06-12T00:00:00+00:00","logger":"airflow.dag_processing.dagbag.BundleDagBag","filename":"dagbag.py","lineno":469}
{"timestamp":"2026-06-12T12:07:26.168935Z","level":"warning","event":"The `airflow.operators.python.PythonOperator` attribute is deprecated. Please use `'airflow.providers.standard.operators.python.PythonOperator'`.","category":"UserWarning","filename":"/opt/airflow/dags/update_data.py","lineno":122,"ti_id":"019ebb9c-004d-743c-8334-308ec0a922b9","task_id":"run_tbank_parser","map_index":-1,"try_number":5,"dag_id":"daily_data_update","run_id":"scheduled__2026-06-12T00:00:00+00:00","logger":"py.warnings"}
{"timestamp":"2026-06-12T12:07:26.374895Z","level":"info","event":"Task instance is in running state","logger":"task.stdout"}
{"timestamp":"2026-06-12T12:07:26.375910Z","level":"info","event":" Previous state of the Task instance: TaskInstanceState.QUEUED","logger":"task.stdout"}
{"timestamp":"2026-06-12T12:07:26.376280Z","level":"info","event":"Current task name:run_tbank_parser","logger":"task.stdout"}
{"timestamp":"2026-06-12T12:07:26.376840Z","level":"info","event":"Dag name:daily_data_update","logger":"task.stdout"}
{"timestamp":"2026-06-12T12:07:26.376152Z","level":"info","event":"::endgroup::","ti_id":"019ebb9c-004d-743c-8334-308ec0a922b9","task_id":"run_tbank_parser","map_index":-1,"try_number":5,"dag_id":"daily_data_update","run_id":"scheduled__2026-06-12T00:00:00+00:00","logger":"task","filename":"task_runner.py","lineno":1727}
{"timestamp":"2026-06-12T12:07:26.382145Z","level":"info","event":"0","logger":"task.stdout"}
{"timestamp":"2026-06-12T12:07:26.382696Z","level":"info","event":"1","logger":"task.stdout"}
{"timestamp":"2026-06-12T12:07:26.383672Z","level":"info","event":"2","logger":"task.stdout"}
{"timestamp":"2026-06-12T12:07:26.383894Z","level":"info","event":"3","logger":"task.stdout"}
{"timestamp":"2026-06-12T12:07:26.384007Z","level":"info","event":"4","logger":"task.stdout"}
{"timestamp":"2026-06-12T12:07:26.384372Z","level":"info","event":"5","logger":"task.stdout"}
{"timestamp":"2026-06-12T12:07:26.382103Z","level":"info","event":"Done. Returned value was: None","ti_id":"019ebb9c-004d-743c-8334-308ec0a922b9","task_id":"run_tbank_parser","map_index":-1,"try_number":5,"dag_id":"daily_data_update","run_id":"scheduled__2026-06-12T00:00:00+00:00","logger":"airflow.task.operators.airflow.providers.standard.operators.python.PythonOperator","filename":"python.py","lineno":233}
{"timestamp":"2026-06-12T12:07:26.382275Z","level":"info","event":"::group::Post Execute","ti_id":"019ebb9c-004d-743c-8334-308ec0a922b9","task_id":"run_tbank_parser","map_index":-1,"try_number":5,"dag_id":"daily_data_update","run_id":"scheduled__2026-06-12T00:00:00+00:00","logger":"task","filename":"task_runner.py","lineno":1288}
{"timestamp":"2026-06-12T12:07:26.434633Z","level":"info","event":"Task instance in success state","logger":"task.stdout"}
{"timestamp":"2026-06-12T12:07:26.438724Z","level":"info","event":" Previous state of the Task instance: TaskInstanceState.RUNNING","logger":"task.stdout"}
{"timestamp":"2026-06-12T12:07:26.440768Z","level":"info","event":"Task operator:<Task(PythonOperator): run_tbank_parser>","logger":"task.stdout"}
{"timestamp":"2026-06-12T12:07:26.434292Z","level":"info","event":"::endgroup::","ti_id":"019ebb9c-004d-743c-8334-308ec0a922b9","task_id":"run_tbank_parser","map_index":-1,"try_number":5,"dag_id":"daily_data_update","run_id":"scheduled__2026-06-12T00:00:00+00:00","logger":"task","filename":"task_runner.py","lineno":1896}
