{"timestamp":"2026-06-12T10:25:02.485440Z","level":"info","event":"::group::Pre Execute","logger":"task","filename":"task_runner.py","lineno":1926}
{"timestamp":"2026-06-12T10:25:10.673876Z","level":"info","event":"DAG bundles loaded: dags-folder, example_dags","task_id":"run_tbank_parser","ti_id":"019ebb5d-0c1f-7bf4-bcb5-a607ea524303","run_id":"scheduled__2026-06-12T00:00:00+00:00","map_index":-1,"try_number":2,"dag_id":"daily_data_update","logger":"airflow.dag_processing.bundles.manager.DagBundlesManager","filename":"manager.py","lineno":209}
{"timestamp":"2026-06-12T10:25:10.681195Z","level":"info","event":"Filling up the DagBag from /opt/airflow/dags/update_data.py","task_id":"run_tbank_parser","ti_id":"019ebb5d-0c1f-7bf4-bcb5-a607ea524303","run_id":"scheduled__2026-06-12T00:00:00+00:00","map_index":-1,"try_number":2,"dag_id":"daily_data_update","logger":"airflow.dag_processing.dagbag.BundleDagBag","filename":"dagbag.py","lineno":469}
{"timestamp":"2026-06-12T10:25:11.388992Z","level":"warning","event":"The `airflow.operators.python.PythonOperator` attribute is deprecated. Please use `'airflow.providers.standard.operators.python.PythonOperator'`.","category":"UserWarning","filename":"/opt/airflow/dags/update_data.py","lineno":3,"task_id":"run_tbank_parser","ti_id":"019ebb5d-0c1f-7bf4-bcb5-a607ea524303","run_id":"scheduled__2026-06-12T00:00:00+00:00","map_index":-1,"try_number":2,"dag_id":"daily_data_update","logger":"py.warnings"}
{"timestamp":"2026-06-12T10:25:11.390935Z","level":"warning","event":"The `airflow.operators.email.EmailOperator` attribute is deprecated. Please use `'airflow.providers.smtp.operators.smtp.EmailOperator'`.","category":"UserWarning","filename":"/opt/airflow/dags/update_data.py","lineno":4,"task_id":"run_tbank_parser","ti_id":"019ebb5d-0c1f-7bf4-bcb5-a607ea524303","run_id":"scheduled__2026-06-12T00:00:00+00:00","map_index":-1,"try_number":2,"dag_id":"daily_data_update","logger":"py.warnings"}
{"timestamp":"2026-06-12T10:25:11.542579Z","level":"info","event":"Task instance is in running state","logger":"task.stdout"}
{"timestamp":"2026-06-12T10:25:11.543025Z","level":"info","event":" Previous state of the Task instance: TaskInstanceState.QUEUED","logger":"task.stdout"}
{"timestamp":"2026-06-12T10:25:11.543162Z","level":"info","event":"Current task name:run_tbank_parser","logger":"task.stdout"}
{"timestamp":"2026-06-12T10:25:11.543307Z","level":"info","event":"Dag name:daily_data_update","logger":"task.stdout"}
{"timestamp":"2026-06-12T10:25:11.544299Z","level":"info","event":"::endgroup::","task_id":"run_tbank_parser","ti_id":"019ebb5d-0c1f-7bf4-bcb5-a607ea524303","run_id":"scheduled__2026-06-12T00:00:00+00:00","map_index":-1,"try_number":2,"dag_id":"daily_data_update","logger":"task","filename":"task_runner.py","lineno":1727}
{"timestamp":"2026-06-12T10:25:11.550664Z","level":"info","event":"0","logger":"task.stdout"}
{"timestamp":"2026-06-12T10:25:11.550830Z","level":"info","event":"1","logger":"task.stdout"}
{"timestamp":"2026-06-12T10:25:11.550899Z","level":"info","event":"2","logger":"task.stdout"}
{"timestamp":"2026-06-12T10:25:11.550961Z","level":"info","event":"3","logger":"task.stdout"}
{"timestamp":"2026-06-12T10:25:11.551010Z","level":"info","event":"4","logger":"task.stdout"}
{"timestamp":"2026-06-12T10:25:11.551076Z","level":"info","event":"5","logger":"task.stdout"}
{"timestamp":"2026-06-12T10:25:11.550643Z","level":"info","event":"Done. Returned value was: None","task_id":"run_tbank_parser","ti_id":"019ebb5d-0c1f-7bf4-bcb5-a607ea524303","run_id":"scheduled__2026-06-12T00:00:00+00:00","map_index":-1,"try_number":2,"dag_id":"daily_data_update","logger":"airflow.task.operators.airflow.providers.standard.operators.python.PythonOperator","filename":"python.py","lineno":233}
{"timestamp":"2026-06-12T10:25:11.550782Z","level":"info","event":"::group::Post Execute","task_id":"run_tbank_parser","ti_id":"019ebb5d-0c1f-7bf4-bcb5-a607ea524303","run_id":"scheduled__2026-06-12T00:00:00+00:00","map_index":-1,"try_number":2,"dag_id":"daily_data_update","logger":"task","filename":"task_runner.py","lineno":1288}
{"timestamp":"2026-06-12T10:25:11.592263Z","level":"info","event":"Task instance in success state","logger":"task.stdout"}
{"timestamp":"2026-06-12T10:25:11.592458Z","level":"info","event":" Previous state of the Task instance: TaskInstanceState.RUNNING","logger":"task.stdout"}
{"timestamp":"2026-06-12T10:25:11.592789Z","level":"info","event":"Task operator:<Task(PythonOperator): run_tbank_parser>","logger":"task.stdout"}
{"timestamp":"2026-06-12T10:25:11.592798Z","level":"info","event":"::endgroup::","task_id":"run_tbank_parser","ti_id":"019ebb5d-0c1f-7bf4-bcb5-a607ea524303","run_id":"scheduled__2026-06-12T00:00:00+00:00","map_index":-1,"try_number":2,"dag_id":"daily_data_update","logger":"task","filename":"task_runner.py","lineno":1896}
