{"timestamp":"2026-06-12T00:25:30.501875Z","level":"info","event":"::group::Pre Execute","logger":"task","filename":"task_runner.py","lineno":1926}
{"timestamp":"2026-06-12T00:25:33.064769Z","level":"info","event":"DAG bundles loaded: dags-folder, example_dags","map_index":-1,"task_id":"clean_data","run_id":"scheduled__2026-06-12T00:00:00+00:00","try_number":1,"ti_id":"019eb938-1cb1-78f9-89b6-7600d7063041","dag_id":"daily_data_update","logger":"airflow.dag_processing.bundles.manager.DagBundlesManager","filename":"manager.py","lineno":209}
{"timestamp":"2026-06-12T00:25:33.071263Z","level":"info","event":"Filling up the DagBag from /opt/airflow/dags/update_data.py","map_index":-1,"task_id":"clean_data","run_id":"scheduled__2026-06-12T00:00:00+00:00","try_number":1,"ti_id":"019eb938-1cb1-78f9-89b6-7600d7063041","dag_id":"daily_data_update","logger":"airflow.dag_processing.dagbag.BundleDagBag","filename":"dagbag.py","lineno":469}
{"timestamp":"2026-06-12T00:25:33.744205Z","level":"warning","event":"The `airflow.operators.python.PythonOperator` attribute is deprecated. Please use `'airflow.providers.standard.operators.python.PythonOperator'`.","category":"UserWarning","filename":"/opt/airflow/dags/update_data.py","lineno":3,"map_index":-1,"task_id":"clean_data","run_id":"scheduled__2026-06-12T00:00:00+00:00","try_number":1,"ti_id":"019eb938-1cb1-78f9-89b6-7600d7063041","dag_id":"daily_data_update","logger":"py.warnings"}
{"timestamp":"2026-06-12T00:25:34.222891Z","level":"info","event":"Task instance is in running state","logger":"task.stdout"}
{"timestamp":"2026-06-12T00:25:34.235949Z","level":"info","event":" Previous state of the Task instance: TaskInstanceState.QUEUED","logger":"task.stdout"}
{"timestamp":"2026-06-12T00:25:34.239717Z","level":"info","event":"Current task name:clean_data","logger":"task.stdout"}
{"timestamp":"2026-06-12T00:25:34.240589Z","level":"info","event":"Dag name:daily_data_update","logger":"task.stdout"}
{"timestamp":"2026-06-12T00:25:34.234510Z","level":"info","event":"::endgroup::","map_index":-1,"task_id":"clean_data","run_id":"scheduled__2026-06-12T00:00:00+00:00","try_number":1,"ti_id":"019eb938-1cb1-78f9-89b6-7600d7063041","dag_id":"daily_data_update","logger":"task","filename":"task_runner.py","lineno":1727}
{"timestamp":"2026-06-12T00:25:34.270490Z","level":"info","event":"Запуск очистки","logger":"task.stdout"}
{"timestamp":"2026-06-12T00:25:34.289277Z","level":"info","event":"Найдено файлов: 131","logger":"task.stdout"}
{"timestamp":"2026-06-12T00:25:34.302125Z","level":"info","event":"[1/131] Очищен: как_открыть_брокерский_счет.json","logger":"task.stdout"}
{"timestamp":"2026-06-12T00:25:34.308928Z","level":"info","event":"[2/131] Очищен: налог_на_доход_от_торговли_ценными_бумагами.json","logger":"task.stdout"}
{"timestamp":"2026-06-12T00:25:34.330796Z","level":"info","event":"[3/131] Очищен: как_начать_торговать_на_бирже.json","logger":"task.stdout"}
{"timestamp":"2026-06-12T00:25:34.346110Z","level":"info","event":"[4/131] Очищен: как_получить_статус_квалифицированного_инвестора.json","logger":"task.stdout"}
{"timestamp":"2026-06-12T00:25:34.355966Z","level":"info","event":"[5/131] Очищен: брокерский_счет.json","logger":"task.stdout"}
{"timestamp":"2026-06-12T00:25:34.359913Z","level":"info","event":"[6/131] Очищен: торговать_на_бирже.json","logger":"task.stdout"}
{"timestamp":"2026-06-12T00:25:34.372248Z","level":"info","event":"[7/131] Очищен: секреты_диверсификации.json","logger":"task.stdout"}
{"timestamp":"2026-06-12T00:25:34.388413Z","level":"info","event":"[8/131] Очищен: как_покупать_и_продавать_драгоценные_металлы.json","logger":"task.stdout"}
{"timestamp":"2026-06-12T00:25:34.432908Z","level":"info","event":"[9/131] Очищен: как_рассчитывается_вариационная_маржа.json","logger":"task.stdout"}
{"timestamp":"2026-06-12T00:25:34.437576Z","level":"info","event":"[10/131] Очищен: режимы_торгов.json","logger":"task.stdout"}
{"timestamp":"2026-06-12T00:25:34.448681Z","level":"info","event":"[11/131] Очищен: фьючерсы_и_опционы.json","logger":"task.stdout"}
{"timestamp":"2026-06-12T00:25:34.456364Z","level":"info","event":"[12/131] Очищен: продажа_заблокированных_иностранных_бумаг_в_тинвестициях.json","logger":"task.stdout"}
{"timestamp":"2026-06-12T00:25:34.462517Z","level":"info","event":"[13/131] Очищен: купонный_доход_по_облигациям.json","logger":"task.stdout"}
{"timestamp":"2026-06-12T00:25:34.476355Z","level":"info","event":"[14/131] Очищен: что_такое_фонды_etf_и_бпиф.json","logger":"task.stdout"}
{"timestamp":"2026-06-12T00:25:34.492888Z","level":"info","event":"[15/131] Очищен: тарифы_для_брокерского_счета_и_иис.json","logger":"task.stdout"}
{"timestamp":"2026-06-12T00:25:34.499326Z","level":"info","event":"[16/131] Очищен: трейдинг_и_технический_анализ.json","logger":"task.stdout"}
{"timestamp":"2026-06-12T00:25:34.507024Z","level":"info","event":"[17/131] Очищен: ответственность_за_нарушение_налогового_законодательства.json","logger":"task.stdout"}
{"timestamp":"2026-06-12T00:25:34.511965Z","level":"info","event":"[18/131] Очищен: сервисы_т_инвестиций.json","logger":"task.stdout"}
{"timestamp":"2026-06-12T00:25:34.519992Z","level":"info","event":"[19/131] Очищен: пульс.json","logger":"task.stdout"}
{"timestamp":"2026-06-12T00:25:34.528215Z","level":"info","event":"[20/131] Очищен: налог_на_материальную_выгоду_для_инвесторов.json","logger":"task.stdout"}
{"timestamp":"2026-06-12T00:25:34.532998Z","level":"info","event":"[21/131] Очищен: зачем_нужна_маржинальная_торговля.json","logger":"task.stdout"}
{"timestamp":"2026-06-12T00:25:34.540115Z","level":"info","event":"[22/131] Очищен: обособление_российских_бумаг_после_депозитарного_перевода.json","logger":"task.stdout"}
{"timestamp":"2026-06-12T00:25:34.549067Z","level":"info","event":"[23/131] Очищен: наследование_ценных_бумаг.json","logger":"task.stdout"}
{"timestamp":"2026-06-12T00:25:34.557694Z","level":"info","event":"[24/131] Очищен: фонды_жилой_недвижимости_от_ткапитала.json","logger":"task.stdout"}
{"timestamp":"2026-06-12T00:25:34.561210Z","level":"info","event":"[25/131] Очищен: вопросы_налогообложения_для_инвесторов.json","logger":"task.stdout"}
{"timestamp":"2026-06-12T00:25:34.568645Z","level":"info","event":"[26/131] Очищен: во_что_можно_инвестировать.json","logger":"task.stdout"}
{"timestamp":"2026-06-12T00:25:34.583774Z","level":"info","event":"[27/131] Очищен: как_подтвердить_профиль.json","logger":"task.stdout"}
{"timestamp":"2026-06-12T00:25:34.594442Z","level":"info","event":"[28/131] Очищен: мобильное_приложениеt_инвестиции.json","logger":"task.stdout"}
{"timestamp":"2026-06-12T00:25:34.600404Z","level":"info","event":"[29/131] Очищен: тпомощь_инвестиции.json","logger":"task.stdout"}
{"timestamp":"2026-06-12T00:25:34.619459Z","level":"info","event":"[30/131] Очищен: как_пользоваться_терминалом.json","logger":"task.stdout"}
{"timestamp":"2026-06-12T00:25:34.633401Z","level":"info","event":"[31/131] Очищен: документы_для_учета_бумаг_при_депозитарном_переводе_в_тбанк.json","logger":"task.stdout"}
{"timestamp":"2026-06-12T00:25:34.657490Z","level":"info","event":"[32/131] Очищен: как_вывести_деньги_с_иис.json","logger":"task.stdout"}
{"timestamp":"2026-06-12T00:25:34.672242Z","level":"info","event":"[33/131] Очищен: как_перевести_бумаги_в_тинвестиции.json","logger":"task.stdout"}
{"timestamp":"2026-06-12T00:25:34.685301Z","level":"info","event":"[34/131] Очищен: льгота_на_долгосрочное_владение_ценными_бумагами_лдв.json","logger":"task.stdout"}
{"timestamp":"2026-06-12T00:25:34.697507Z","level":"info","event":"[35/131] Очищен: какие_документы_нужны_при_подаче_декларации_3_ндфл.json","logger":"task.stdout"}
{"timestamp":"2026-06-12T00:25:34.710902Z","level":"info","event":"[36/131] Очищен: как_получать_отчеты_и_справки.json","logger":"task.stdout"}
{"timestamp":"2026-06-12T00:25:34.720701Z","level":"info","event":"[37/131] Очищен: налогообложение_для_налоговых_нерезидентов.json","logger":"task.stdout"}
{"timestamp":"2026-06-12T00:25:34.745697Z","level":"info","event":"[38/131] Очищен: отчеты_и_справки.json","logger":"task.stdout"}
{"timestamp":"2026-06-12T00:25:34.751030Z","level":"info","event":"[39/131] Очищен: подарочные_акции.json","logger":"task.stdout"}
{"timestamp":"2026-06-12T00:25:34.761664Z","level":"info","event":"[40/131] Очищен: типы_купонов_по_облигациям.json","logger":"task.stdout"}
{"timestamp":"2026-06-12T00:25:34.769304Z","level":"info","event":"[41/131] Очищен: как_подписаться_на_других_пользователей_и_каналы.json","logger":"task.stdout"}
{"timestamp":"2026-06-12T00:25:34.777801Z","level":"info","event":"[42/131] Очищен: виды_бирж.json","logger":"task.stdout"}
{"timestamp":"2026-06-12T00:25:34.786705Z","level":"info","event":"[43/131] Очищен: прямые_эфиры_и_записи_эфиров.json","logger":"task.stdout"}
{"timestamp":"2026-06-12T00:25:34.792617Z","level":"info","event":"[44/131] Очищен: депозитарные_переводы.json","logger":"task.stdout"}
{"timestamp":"2026-06-12T00:25:34.802140Z","level":"info","event":"[45/131] Очищен: какие_налоги_нужно_платить_по_инвесткопилке.json","logger":"task.stdout"}
{"timestamp":"2026-06-12T00:25:34.808433Z","level":"info","event":"[46/131] Очищен: как_посмотреть_доходность_счета.json","logger":"task.stdout"}
{"timestamp":"2026-06-12T00:25:34.816490Z","level":"info","event":"[47/131] Очищен: личный_кабинет_налогоплательщика_и_как_им_пользоваться.json","logger":"task.stdout"}
{"timestamp":"2026-06-12T00:25:34.820195Z","level":"info","event":"[48/131] Очищен: как_выбрать_стратегию_инвестирования.json","logger":"task.stdout"}
{"timestamp":"2026-06-12T00:25:34.825874Z","level":"info","event":"[49/131] Очищен: сальдирование_финансовых_результатов_на_счетах_у_разных_брокеров_и_перенос_убытков_прошлых_лет.json","logger":"task.stdout"}
{"timestamp":"2026-06-12T00:25:34.834098Z","level":"info","event":"[50/131] Очищен: как_выставлять_биржевые_заявки.json","logger":"task.stdout"}
{"timestamp":"2026-06-12T00:25:34.849071Z","level":"info","event":"[51/131] Очищен: что_такое_ликвидность.json","logger":"task.stdout"}
{"timestamp":"2026-06-12T00:25:34.854695Z","level":"info","event":"[52/131] Очищен: размещение_и_выкуп_акций.json","logger":"task.stdout"}
{"timestamp":"2026-06-12T00:25:34.861083Z","level":"info","event":"[53/131] Очищен: как_работает_рынок_ценных_бумаг.json","logger":"task.stdout"}
{"timestamp":"2026-06-12T00:25:34.864376Z","level":"info","event":"[54/131] Очищен: эмитенты_в_пульсе.json","logger":"task.stdout"}
{"timestamp":"2026-06-12T00:25:34.872060Z","level":"info","event":"[55/131] Очищен: как_вложить_деньги_в_фонды_т_капитала.json","logger":"task.stdout"}
{"timestamp":"2026-06-12T00:25:34.880187Z","level":"info","event":"[56/131] Очищен: что_происходит_на_бирже_важная_информация_для_клиентов_тинвестиций.json","logger":"task.stdout"}
{"timestamp":"2026-06-12T00:25:34.885212Z","level":"info","event":"[57/131] Очищен: советы_начинающим_инвесторам.json","logger":"task.stdout"}
{"timestamp":"2026-06-12T00:25:34.888236Z","level":"info","event":"[58/131] Очищен: фонды_т_капитала.json","logger":"task.stdout"}
{"timestamp":"2026-06-12T00:25:34.893433Z","level":"info","event":"[59/131] Очищен: как_загрузить_готовую_декларацию_3_ндфл_в_форматеxml.json","logger":"task.stdout"}
{"timestamp":"2026-06-12T00:25:34.900019Z","level":"info","event":"[60/131] Очищен: как_пригласить_друга_в_т_инвестиции_и_получить_подарочную_акцию.json","logger":"task.stdout"}
{"timestamp":"2026-06-12T00:25:34.903748Z","level":"info","event":"[61/131] Очищен: терминал_т_инвестиций.json","logger":"task.stdout"}
{"timestamp":"2026-06-12T00:25:34.907746Z","level":"info","event":"[62/131] Очищен: как_торговать_в_лонг.json","logger":"task.stdout"}
{"timestamp":"2026-06-12T00:25:34.912581Z","level":"info","event":"[63/131] Очищен: как_заполнить_поручение_на_депозитарный_перевод.json","logger":"task.stdout"}
{"timestamp":"2026-06-12T00:25:34.920925Z","level":"info","event":"[64/131] Очищен: как_работают_неоактивы.json","logger":"task.stdout"}
{"timestamp":"2026-06-12T00:25:34.925003Z","level":"info","event":"[65/131] Очищен: как_торговать_в_шорт.json","logger":"task.stdout"}
{"timestamp":"2026-06-12T00:25:34.931597Z","level":"info","event":"[66/131] Очищен: что_такое_облигации.json","logger":"task.stdout"}
{"timestamp":"2026-06-12T00:25:34.938758Z","level":"info","event":"[67/131] Очищен: как_заключать_сделки_в_терминале.json","logger":"task.stdout"}
{"timestamp":"2026-06-12T00:25:34.944012Z","level":"info","event":"[68/131] Очищен: что_такое_пульс.json","logger":"task.stdout"}
{"timestamp":"2026-06-12T00:25:34.957954Z","level":"info","event":"[69/131] Очищен: что_такое_офз.json","logger":"task.stdout"}
{"timestamp":"2026-06-12T00:25:34.966687Z","level":"info","event":"[70/131] Очищен: первая_публикация.json","logger":"task.stdout"}
{"timestamp":"2026-06-12T00:25:35.166484Z","level":"info","event":"[71/131] Очищен: случаи_когда_брокер_удерживает_налог_автоматически.json","logger":"task.stdout"}
{"timestamp":"2026-06-12T00:25:35.207638Z","level":"info","event":"[72/131] Очищен: что_такое_биржа.json","logger":"task.stdout"}
{"timestamp":"2026-06-12T00:25:36.061443Z","level":"info","event":"[73/131] Ошибка при обработке all_articles.json: pop expected at most 1 argument, got 2","logger":"task.stdout"}
{"timestamp":"2026-06-12T00:25:36.295453Z","level":"info","event":"[74/131] Очищен: как_читать_налоговый_отчет_от_т_инвестиций.json","logger":"task.stdout"}
{"timestamp":"2026-06-12T00:25:36.296329Z","level":"info","event":"[75/131] Очищен: как_работает_срочный_рынок.json","logger":"task.stdout"}
{"timestamp":"2026-06-12T00:25:36.297329Z","level":"info","event":"[76/131] Очищен: как_устроена_биржа_опционов.json","logger":"task.stdout"}
{"timestamp":"2026-06-12T00:25:36.301063Z","level":"info","event":"[77/131] Очищен: зачем_нужен_статус_квалифицированного_инвестора.json","logger":"task.stdout"}
{"timestamp":"2026-06-12T00:25:36.304069Z","level":"info","event":"[78/131] Очищен: жалобы_и_черные_списки.json","logger":"task.stdout"}
{"timestamp":"2026-06-12T00:25:36.307905Z","level":"info","event":"[79/131] Очищен: как_торговать_фьючерсами.json","logger":"task.stdout"}
{"timestamp":"2026-06-12T00:25:36.308570Z","level":"info","event":"[80/131] Очищен: как_встать_на_учет_в_налоговом_органе.json","logger":"task.stdout"}
{"timestamp":"2026-06-12T00:25:36.312037Z","level":"info","event":"[81/131] Очищен: замещающие_облигации.json","logger":"task.stdout"}
{"timestamp":"2026-06-12T00:25:36.313696Z","level":"info","event":"[82/131] Очищен: как_пополнить_брокерский_счет.json","logger":"task.stdout"}
{"timestamp":"2026-06-12T00:25:36.314549Z","level":"info","event":"[83/131] Очищен: закрытые_паевые_инвестиционные_фонды_зпиф.json","logger":"task.stdout"}
{"timestamp":"2026-06-12T00:25:36.317875Z","level":"info","event":"[84/131] Очищен: нужно_ли_закрывать_брокерский_счет.json","logger":"task.stdout"}
{"timestamp":"2026-06-12T00:25:36.319057Z","level":"info","event":"[85/131] Очищен: как_заработать_на_облигациях.json","logger":"task.stdout"}
{"timestamp":"2026-06-12T00:25:36.320471Z","level":"info","event":"[86/131] Очищен: форма_w8ben_и_для_чего_она_нужна.json","logger":"task.stdout"}
{"timestamp":"2026-06-12T00:25:36.322084Z","level":"info","event":"[87/131] Очищен: как_заработать_на_акциях.json","logger":"task.stdout"}
{"timestamp":"2026-06-12T00:25:36.324764Z","level":"info","event":"[88/131] Очищен: как_устроен_фьючерсный_рынок.json","logger":"task.stdout"}
{"timestamp":"2026-06-12T00:25:36.326496Z","level":"info","event":"[89/131] Очищен: особенности_налогообложения_иис.json","logger":"task.stdout"}
{"timestamp":"2026-06-12T00:25:36.327245Z","level":"info","event":"[90/131] Очищен: эмиссионные_ценные_бумаги_виды_и_признаки.json","logger":"task.stdout"}
{"timestamp":"2026-06-12T00:25:36.328274Z","level":"info","event":"[91/131] Очищен: налоги_при_выводе_денег_с_брокерского_счета.json","logger":"task.stdout"}
{"timestamp":"2026-06-12T00:25:36.328725Z","level":"info","event":"[92/131] Очищен: об_управляющей_компании_ткапитал.json","logger":"task.stdout"}
{"timestamp":"2026-06-12T00:25:36.329270Z","level":"info","event":"[93/131] Очищен: как_заработать_на_публикациях.json","logger":"task.stdout"}
{"timestamp":"2026-06-12T00:25:36.330409Z","level":"info","event":"[94/131] Очищен: фундаментальный_анализ_ценных_бумаг.json","logger":"task.stdout"}
{"timestamp":"2026-06-12T00:25:36.331172Z","level":"info","event":"[95/131] Очищен: открыть_брокерский_счет.json","logger":"task.stdout"}
{"timestamp":"2026-06-12T00:25:36.334776Z","level":"info","event":"[96/131] Очищен: как_работает_автоследование_в_т_инвестициях.json","logger":"task.stdout"}
{"timestamp":"2026-06-12T00:25:36.346775Z","level":"info","event":"[97/131] Очищен: как_устроена_маржинальная_торговля.json","logger":"task.stdout"}
{"timestamp":"2026-06-12T00:25:36.356700Z","level":"info","event":"[98/131] Очищен: что_такое_брокерский_счет.json","logger":"task.stdout"}
{"timestamp":"2026-06-12T00:25:36.369295Z","level":"info","event":"[99/131] Очищен: как_читать_брокерский_отчет_от_т_инвестиций.json","logger":"task.stdout"}
{"timestamp":"2026-06-12T00:25:36.383070Z","level":"info","event":"[100/131] Очищен: участники_рынка_ценных_бумаг.json","logger":"task.stdout"}
{"timestamp":"2026-06-12T00:25:36.396621Z","level":"info","event":"[101/131] Очищен: виртуальные_подарочные_акции_от_тинвестиций.json","logger":"task.stdout"}
{"timestamp":"2026-06-12T00:25:36.405042Z","level":"info","event":"[102/131] Очищен: ветер_перемен_что_делать_инвестору.json","logger":"task.stdout"}
{"timestamp":"2026-06-12T00:25:36.410589Z","level":"info","event":"[103/131] Очищен: как_устроена_программа_привилегий_для_авторов_пульса.json","logger":"task.stdout"}
{"timestamp":"2026-06-12T00:25:36.420596Z","level":"info","event":"[104/131] Очищен: правила_модерации.json","logger":"task.stdout"}
{"timestamp":"2026-06-12T00:25:36.425568Z","level":"info","event":"[105/131] Очищен: главное_про_самостоятельную_уплату_налогов_и_декларацию_3_ндфл.json","logger":"task.stdout"}
{"timestamp":"2026-06-12T00:25:36.436331Z","level":"info","event":"[106/131] Очищен: как_работает_фондовый_рынок.json","logger":"task.stdout"}
{"timestamp":"2026-06-12T00:25:36.444624Z","level":"info","event":"[107/131] Очищен: что_такое_акции.json","logger":"task.stdout"}
{"timestamp":"2026-06-12T00:25:36.450544Z","level":"info","event":"[108/131] Очищен: как_сравнивать_компании.json","logger":"task.stdout"}
{"timestamp":"2026-06-12T00:25:36.461137Z","level":"info","event":"[109/131] Очищен: риск_манипуляций_на_бирже.json","logger":"task.stdout"}
{"timestamp":"2026-06-12T00:25:36.480850Z","level":"info","event":"[110/131] Очищен: как_подключить_и_отключить_автоследование_в_т_инвестициях.json","logger":"task.stdout"}
{"timestamp":"2026-06-12T00:25:36.499163Z","level":"info","event":"[111/131] Очищен: как_торговать_опционами.json","logger":"task.stdout"}
{"timestamp":"2026-06-12T00:25:36.509079Z","level":"info","event":"[112/131] Очищен: удержание_налога_с_инвестиций_по_итогам_года.json","logger":"task.stdout"}
{"timestamp":"2026-06-12T00:25:36.519744Z","level":"info","event":"[113/131] Очищен: маржинальный_вывод.json","logger":"task.stdout"}
{"timestamp":"2026-06-12T00:25:36.531461Z","level":"info","event":"[114/131] Очищен: как_создать_профиль.json","logger":"task.stdout"}
{"timestamp":"2026-06-12T00:25:36.547089Z","level":"info","event":"[115/131] Очищен: внебиржевые_торги_заблокированными_бумагами_с_хранением_в_нрд.json","logger":"task.stdout"}
{"timestamp":"2026-06-12T00:25:36.557753Z","level":"info","event":"[116/131] Очищен: что_нужно_для_статуса_квалифицированного_инвестора.json","logger":"task.stdout"}
{"timestamp":"2026-06-12T00:25:36.572315Z","level":"info","event":"[117/131] Очищен: инвестиционные_счета.json","logger":"task.stdout"}
{"timestamp":"2026-06-12T00:25:36.579588Z","level":"info","event":"[118/131] Очищен: как_в_терминале_выбрать_активы_для_биржевой_торговли.json","logger":"task.stdout"}
{"timestamp":"2026-06-12T00:25:36.586269Z","level":"info","event":"[119/131] Очищен: полезное_для_инвесторов.json","logger":"task.stdout"}
{"timestamp":"2026-06-12T00:25:36.594267Z","level":"info","event":"[120/131] Очищен: как_вывести_деньги_с_брокерского_счета.json","logger":"task.stdout"}
{"timestamp":"2026-06-12T00:25:36.600587Z","level":"info","event":"[121/131] Очищен: сбалансированный_портфель_и_минимизация_рисков.json","logger":"task.stdout"}
{"timestamp":"2026-06-12T00:25:36.606581Z","level":"info","event":"[122/131] Очищен: торги_фондами_т_капитала.json","logger":"task.stdout"}
{"timestamp":"2026-06-12T00:25:36.613375Z","level":"info","event":"[123/131] Очищен: как_заполнить_декларацию_3_ндфл_по_инвестициям.json","logger":"task.stdout"}
{"timestamp":"2026-06-12T00:25:36.619685Z","level":"info","event":"[124/131] Очищен: как_скачать_документы_для_подачи_в_налоговые_органы_и_не_только.json","logger":"task.stdout"}
{"timestamp":"2026-06-12T00:25:36.632634Z","level":"info","event":"[125/131] Очищен: налоги_с_дивидендов_по_иностранным_акциям.json","logger":"task.stdout"}
{"timestamp":"2026-06-12T00:25:36.640652Z","level":"info","event":"[126/131] Очищен: срочный_рынок.json","logger":"task.stdout"}
{"timestamp":"2026-06-12T00:25:36.647970Z","level":"info","event":"[127/131] Очищен: дивидендный_доход_по_акциям.json","logger":"task.stdout"}
{"timestamp":"2026-06-12T00:25:36.653846Z","level":"info","event":"[128/131] Очищен: как_покупать_и_продавать_ценные_бумаги_и_валюту.json","logger":"task.stdout"}
{"timestamp":"2026-06-12T00:25:36.660234Z","level":"info","event":"[129/131] Очищен: как_устроен_терминал.json","logger":"task.stdout"}
{"timestamp":"2026-06-12T00:25:36.668491Z","level":"info","event":"[130/131] Очищен: особенности_инвестирования_на_бирже.json","logger":"task.stdout"}
{"timestamp":"2026-06-12T00:25:36.676003Z","level":"info","event":"[131/131] Очищен: подключить_маржинальную_торговлю.json","logger":"task.stdout"}
{"timestamp":"2026-06-12T00:25:36.684280Z","level":"info","event":"Done. Returned value was: None","map_index":-1,"task_id":"clean_data","run_id":"scheduled__2026-06-12T00:00:00+00:00","try_number":1,"ti_id":"019eb938-1cb1-78f9-89b6-7600d7063041","dag_id":"daily_data_update","logger":"airflow.task.operators.airflow.providers.standard.operators.python.PythonOperator","filename":"python.py","lineno":233}
{"timestamp":"2026-06-12T00:25:36.695455Z","level":"info","event":"::group::Post Execute","map_index":-1,"task_id":"clean_data","run_id":"scheduled__2026-06-12T00:00:00+00:00","try_number":1,"ti_id":"019eb938-1cb1-78f9-89b6-7600d7063041","dag_id":"daily_data_update","logger":"task","filename":"task_runner.py","lineno":1288}
{"timestamp":"2026-06-12T00:25:36.945304Z","level":"info","event":"Task instance in success state","logger":"task.stdout"}
{"timestamp":"2026-06-12T00:25:36.949135Z","level":"info","event":" Previous state of the Task instance: TaskInstanceState.RUNNING","logger":"task.stdout"}
{"timestamp":"2026-06-12T00:25:36.965246Z","level":"info","event":"Task operator:<Task(PythonOperator): clean_data>","logger":"task.stdout"}
{"timestamp":"2026-06-12T00:25:36.963336Z","level":"info","event":"::endgroup::","map_index":-1,"task_id":"clean_data","run_id":"scheduled__2026-06-12T00:00:00+00:00","try_number":1,"ti_id":"019eb938-1cb1-78f9-89b6-7600d7063041","dag_id":"daily_data_update","logger":"task","filename":"task_runner.py","lineno":1896}
