{"timestamp":"2026-06-12T12:07:58.838453Z","level":"info","event":"::group::Pre Execute","logger":"task","filename":"task_runner.py","lineno":1926}
{"timestamp":"2026-06-12T12:07:59.125298Z","level":"info","event":"DAG bundles loaded: dags-folder, example_dags","task_id":"clean_data","try_number":6,"dag_id":"daily_data_update","run_id":"scheduled__2026-06-12T00:00:00+00:00","map_index":-1,"ti_id":"019ebbbb-55b3-7fa0-bbbc-17305e8bf8db","logger":"airflow.dag_processing.bundles.manager.DagBundlesManager","filename":"manager.py","lineno":209}
{"timestamp":"2026-06-12T12:07:59.125936Z","level":"info","event":"Filling up the DagBag from /opt/airflow/dags/update_data.py","task_id":"clean_data","try_number":6,"dag_id":"daily_data_update","run_id":"scheduled__2026-06-12T00:00:00+00:00","map_index":-1,"ti_id":"019ebbbb-55b3-7fa0-bbbc-17305e8bf8db","logger":"airflow.dag_processing.dagbag.BundleDagBag","filename":"dagbag.py","lineno":469}
{"timestamp":"2026-06-12T12:07:59.200692Z","level":"warning","event":"The `airflow.operators.python.PythonOperator` attribute is deprecated. Please use `'airflow.providers.standard.operators.python.PythonOperator'`.","category":"UserWarning","filename":"/opt/airflow/dags/update_data.py","lineno":122,"task_id":"clean_data","try_number":6,"dag_id":"daily_data_update","run_id":"scheduled__2026-06-12T00:00:00+00:00","map_index":-1,"ti_id":"019ebbbb-55b3-7fa0-bbbc-17305e8bf8db","logger":"py.warnings"}
{"timestamp":"2026-06-12T12:07:59.216651Z","level":"info","event":"Task instance is in running state","logger":"task.stdout"}
{"timestamp":"2026-06-12T12:07:59.216823Z","level":"info","event":" Previous state of the Task instance: TaskInstanceState.QUEUED","logger":"task.stdout"}
{"timestamp":"2026-06-12T12:07:59.216927Z","level":"info","event":"Current task name:clean_data","logger":"task.stdout"}
{"timestamp":"2026-06-12T12:07:59.216999Z","level":"info","event":"Dag name:daily_data_update","logger":"task.stdout"}
{"timestamp":"2026-06-12T12:07:59.216862Z","level":"info","event":"::endgroup::","task_id":"clean_data","try_number":6,"dag_id":"daily_data_update","run_id":"scheduled__2026-06-12T00:00:00+00:00","map_index":-1,"ti_id":"019ebbbb-55b3-7fa0-bbbc-17305e8bf8db","logger":"task","filename":"task_runner.py","lineno":1727}
{"timestamp":"2026-06-12T12:07:59.219747Z","level":"info","event":"0","logger":"task.stdout"}
{"timestamp":"2026-06-12T12:07:59.220153Z","level":"info","event":"1","logger":"task.stdout"}
{"timestamp":"2026-06-12T12:07:59.220297Z","level":"info","event":"2","logger":"task.stdout"}
{"timestamp":"2026-06-12T12:07:59.220499Z","level":"info","event":"3","logger":"task.stdout"}
{"timestamp":"2026-06-12T12:07:59.220659Z","level":"info","event":"4","logger":"task.stdout"}
{"timestamp":"2026-06-12T12:07:59.220885Z","level":"info","event":"5","logger":"task.stdout"}
{"timestamp":"2026-06-12T12:07:59.219795Z","level":"info","event":"Done. Returned value was: None","task_id":"clean_data","try_number":6,"dag_id":"daily_data_update","run_id":"scheduled__2026-06-12T00:00:00+00:00","map_index":-1,"ti_id":"019ebbbb-55b3-7fa0-bbbc-17305e8bf8db","logger":"airflow.task.operators.airflow.providers.standard.operators.python.PythonOperator","filename":"python.py","lineno":233}
{"timestamp":"2026-06-12T12:07:59.219985Z","level":"info","event":"::group::Post Execute","task_id":"clean_data","try_number":6,"dag_id":"daily_data_update","run_id":"scheduled__2026-06-12T00:00:00+00:00","map_index":-1,"ti_id":"019ebbbb-55b3-7fa0-bbbc-17305e8bf8db","logger":"task","filename":"task_runner.py","lineno":1288}
{"timestamp":"2026-06-12T12:07:59.238648Z","level":"info","event":"Task instance in success state","logger":"task.stdout"}
{"timestamp":"2026-06-12T12:07:59.240496Z","level":"info","event":" Previous state of the Task instance: TaskInstanceState.RUNNING","logger":"task.stdout"}
{"timestamp":"2026-06-12T12:07:59.240727Z","level":"info","event":"Task operator:<Task(PythonOperator): clean_data>","logger":"task.stdout"}
{"timestamp":"2026-06-12T12:07:59.237510Z","level":"info","event":"::endgroup::","task_id":"clean_data","try_number":6,"dag_id":"daily_data_update","run_id":"scheduled__2026-06-12T00:00:00+00:00","map_index":-1,"ti_id":"019ebbbb-55b3-7fa0-bbbc-17305e8bf8db","logger":"task","filename":"task_runner.py","lineno":1896}
