{"timestamp":"2026-06-12T10:25:13.236720Z","level":"info","event":"::group::Pre Execute","logger":"task","filename":"task_runner.py","lineno":1926}
{"timestamp":"2026-06-12T10:25:14.291771Z","level":"info","event":"DAG bundles loaded: dags-folder, example_dags","dag_id":"daily_data_update","ti_id":"019ebb5d-0c2c-73dd-9aec-cb1bfcd7f525","map_index":-1,"task_id":"clean_data","try_number":2,"run_id":"scheduled__2026-06-12T00:00:00+00:00","logger":"airflow.dag_processing.bundles.manager.DagBundlesManager","filename":"manager.py","lineno":209}
{"timestamp":"2026-06-12T10:25:14.295245Z","level":"info","event":"Filling up the DagBag from /opt/airflow/dags/update_data.py","dag_id":"daily_data_update","ti_id":"019ebb5d-0c2c-73dd-9aec-cb1bfcd7f525","map_index":-1,"task_id":"clean_data","try_number":2,"run_id":"scheduled__2026-06-12T00:00:00+00:00","logger":"airflow.dag_processing.dagbag.BundleDagBag","filename":"dagbag.py","lineno":469}
{"timestamp":"2026-06-12T10:25:14.394091Z","level":"warning","event":"The `airflow.operators.python.PythonOperator` attribute is deprecated. Please use `'airflow.providers.standard.operators.python.PythonOperator'`.","category":"UserWarning","filename":"/opt/airflow/dags/update_data.py","lineno":3,"dag_id":"daily_data_update","ti_id":"019ebb5d-0c2c-73dd-9aec-cb1bfcd7f525","map_index":-1,"task_id":"clean_data","try_number":2,"run_id":"scheduled__2026-06-12T00:00:00+00:00","logger":"py.warnings"}
{"timestamp":"2026-06-12T10:25:14.394244Z","level":"warning","event":"The `airflow.operators.email.EmailOperator` attribute is deprecated. Please use `'airflow.providers.smtp.operators.smtp.EmailOperator'`.","category":"UserWarning","filename":"/opt/airflow/dags/update_data.py","lineno":4,"dag_id":"daily_data_update","ti_id":"019ebb5d-0c2c-73dd-9aec-cb1bfcd7f525","map_index":-1,"task_id":"clean_data","try_number":2,"run_id":"scheduled__2026-06-12T00:00:00+00:00","logger":"py.warnings"}
{"timestamp":"2026-06-12T10:25:14.461315Z","level":"info","event":"Task instance is in running state","logger":"task.stdout"}
{"timestamp":"2026-06-12T10:25:14.461523Z","level":"info","event":" Previous state of the Task instance: TaskInstanceState.QUEUED","logger":"task.stdout"}
{"timestamp":"2026-06-12T10:25:14.461678Z","level":"info","event":"Current task name:clean_data","logger":"task.stdout"}
{"timestamp":"2026-06-12T10:25:14.461777Z","level":"info","event":"Dag name:daily_data_update","logger":"task.stdout"}
{"timestamp":"2026-06-12T10:25:14.461695Z","level":"info","event":"::endgroup::","dag_id":"daily_data_update","ti_id":"019ebb5d-0c2c-73dd-9aec-cb1bfcd7f525","map_index":-1,"task_id":"clean_data","try_number":2,"run_id":"scheduled__2026-06-12T00:00:00+00:00","logger":"task","filename":"task_runner.py","lineno":1727}
{"timestamp":"2026-06-12T10:25:14.464127Z","level":"info","event":"0","logger":"task.stdout"}
{"timestamp":"2026-06-12T10:25:14.464248Z","level":"info","event":"1","logger":"task.stdout"}
{"timestamp":"2026-06-12T10:25:14.464347Z","level":"info","event":"2","logger":"task.stdout"}
{"timestamp":"2026-06-12T10:25:14.464444Z","level":"info","event":"3","logger":"task.stdout"}
{"timestamp":"2026-06-12T10:25:14.464558Z","level":"info","event":"4","logger":"task.stdout"}
{"timestamp":"2026-06-12T10:25:14.464655Z","level":"info","event":"5","logger":"task.stdout"}
{"timestamp":"2026-06-12T10:25:14.464145Z","level":"info","event":"Done. Returned value was: None","dag_id":"daily_data_update","ti_id":"019ebb5d-0c2c-73dd-9aec-cb1bfcd7f525","map_index":-1,"task_id":"clean_data","try_number":2,"run_id":"scheduled__2026-06-12T00:00:00+00:00","logger":"airflow.task.operators.airflow.providers.standard.operators.python.PythonOperator","filename":"python.py","lineno":233}
{"timestamp":"2026-06-12T10:25:14.464235Z","level":"info","event":"::group::Post Execute","dag_id":"daily_data_update","ti_id":"019ebb5d-0c2c-73dd-9aec-cb1bfcd7f525","map_index":-1,"task_id":"clean_data","try_number":2,"run_id":"scheduled__2026-06-12T00:00:00+00:00","logger":"task","filename":"task_runner.py","lineno":1288}
{"timestamp":"2026-06-12T10:25:14.491489Z","level":"info","event":"Task instance in success state","logger":"task.stdout"}
{"timestamp":"2026-06-12T10:25:14.491719Z","level":"info","event":" Previous state of the Task instance: TaskInstanceState.RUNNING","logger":"task.stdout"}
{"timestamp":"2026-06-12T10:25:14.491850Z","level":"info","event":"Task operator:<Task(PythonOperator): clean_data>","logger":"task.stdout"}
{"timestamp":"2026-06-12T10:25:14.491708Z","level":"info","event":"::endgroup::","dag_id":"daily_data_update","ti_id":"019ebb5d-0c2c-73dd-9aec-cb1bfcd7f525","map_index":-1,"task_id":"clean_data","try_number":2,"run_id":"scheduled__2026-06-12T00:00:00+00:00","logger":"task","filename":"task_runner.py","lineno":1896}
